160 INFO: PyInstaller: 6.19.0, contrib hooks: 2026.3
160 INFO: Python: 3.11.9
177 INFO: Platform: Windows-10-10.0.26200-SP0
177 INFO: Python environment: C:\Program Files\WindowsApps\PythonSoftwareFoundation.Python.3.11_3.11.2544.0_x64__qbz5n2kfra8p0
178 INFO: wrote C:\MT5-TradeManager\MT5TradeManager.spec
644 INFO: Module search paths (PYTHONPATH):
['C:\\Users\\shani\\AppData\\Local\\Packages\\PythonSoftwareFoundation.Python.3.11_qbz5n2kfra8p0\\LocalCache\\local-packages\\Python311\\Scripts\\pyinstaller.exe',
 'C:\\Program '
 'Files\\WindowsApps\\PythonSoftwareFoundation.Python.3.11_3.11.2544.0_x64__qbz5n2kfra8p0\\python311.zip',
 'C:\\Program '
 'Files\\WindowsApps\\PythonSoftwareFoundation.Python.3.11_3.11.2544.0_x64__qbz5n2kfra8p0\\DLLs',
 'C:\\Program '
 'Files\\WindowsApps\\PythonSoftwareFoundation.Python.3.11_3.11.2544.0_x64__qbz5n2kfra8p0\\Lib',
 'C:\\Program '
 'Files\\WindowsApps\\PythonSoftwareFoundation.Python.3.11_3.11.2544.0_x64__qbz5n2kfra8p0',
 'C:\\Users\\shani\\AppData\\Local\\Packages\\PythonSoftwareFoundation.Python.3.11_qbz5n2kfra8p0\\LocalCache\\local-packages\\Python311\\site-packages',
 'C:\\Users\\shani\\AppData\\Local\\Packages\\PythonSoftwareFoundation.Python.3.11_qbz5n2kfra8p0\\LocalCache\\local-packages\\Python311\\site-packages\\win32',
 'C:\\Users\\shani\\AppData\\Local\\Packages\\PythonSoftwareFoundation.Python.3.11_qbz5n2kfra8p0\\LocalCache\\local-packages\\Python311\\site-packages\\win32\\lib',
 'C:\\Users\\shani\\AppData\\Local\\Packages\\PythonSoftwareFoundation.Python.3.11_qbz5n2kfra8p0\\LocalCache\\local-packages\\Python311\\site-packages\\pythonwin',
 'C:\\Program '
 'Files\\WindowsApps\\PythonSoftwareFoundation.Python.3.11_3.11.2544.0_x64__qbz5n2kfra8p0\\Lib\\site-packages',
 'C:\\MT5-TradeManager']
1420 INFO: Appending 'datas' from .spec
1450 INFO: checking Analysis
1498 INFO: Building because excludes changed
1498 INFO: Looking for Python shared library...
1498 INFO: Using Python shared library: C:\Program Files\WindowsApps\PythonSoftwareFoundation.Python.3.11_3.11.2544.0_x64__qbz5n2kfra8p0\python311.dll
1498 INFO: Running Analysis Analysis-00.toc
1498 INFO: Target bytecode optimization level: 0
1498 INFO: Initializing module dependency graph...
1500 INFO: Initializing module graph hook caches...
1523 INFO: Analyzing modules for base_library.zip ...
2659 INFO: Processing standard module hook 'hook-heapq.py' from 'C:\\Users\\shani\\AppData\\Local\\Packages\\PythonSoftwareFoundation.Python.3.11_qbz5n2kfra8p0\\LocalCache\\local-packages\\Python311\\site-packages\\PyInstaller\\hooks'
2764 INFO: Processing standard module hook 'hook-encodings.py' from 'C:\\Users\\shani\\AppData\\Local\\Packages\\PythonSoftwareFoundation.Python.3.11_qbz5n2kfra8p0\\LocalCache\\local-packages\\Python311\\site-packages\\PyInstaller\\hooks'
4604 INFO: Processing standard module hook 'hook-pickle.py' from 'C:\\Users\\shani\\AppData\\Local\\Packages\\PythonSoftwareFoundation.Python.3.11_qbz5n2kfra8p0\\LocalCache\\local-packages\\Python311\\site-packages\\PyInstaller\\hooks'
6442 INFO: Caching module dependency graph...
6501 INFO: Analyzing C:\MT5-TradeManager\main.py
6502 INFO: Processing pre-find-module-path hook 'hook-tkinter.py' from 'C:\\Users\\shani\\AppData\\Local\\Packages\\PythonSoftwareFoundation.Python.3.11_qbz5n2kfra8p0\\LocalCache\\local-packages\\Python311\\site-packages\\PyInstaller\\hooks\\pre_find_module_path'
6503 INFO: TclTkInfo: initializing cached Tcl/Tk info...
6921 INFO: Processing standard module hook 'hook-_tkinter.py' from 'C:\\Users\\shani\\AppData\\Local\\Packages\\PythonSoftwareFoundation.Python.3.11_qbz5n2kfra8p0\\LocalCache\\local-packages\\Python311\\site-packages\\PyInstaller\\hooks'
6936 INFO: Processing standard module hook 'hook-customtkinter.py' from 'C:\\Users\\shani\\AppData\\Local\\Packages\\PythonSoftwareFoundation.Python.3.11_qbz5n2kfra8p0\\LocalCache\\local-packages\\Python311\\site-packages\\_pyinstaller_hooks_contrib\\stdhooks'
7097 INFO: Processing standard module hook 'hook-platform.py' from 'C:\\Users\\shani\\AppData\\Local\\Packages\\PythonSoftwareFoundation.Python.3.11_qbz5n2kfra8p0\\LocalCache\\local-packages\\Python311\\site-packages\\PyInstaller\\hooks'
7118 INFO: Processing standard module hook 'hook-_ctypes.py' from 'C:\\Users\\shani\\AppData\\Local\\Packages\\PythonSoftwareFoundation.Python.3.11_qbz5n2kfra8p0\\LocalCache\\local-packages\\Python311\\site-packages\\PyInstaller\\hooks'
7122 INFO: Processing pre-safe-import-module hook 'hook-packaging.py' from 'C:\\Users\\shani\\AppData\\Local\\Packages\\PythonSoftwareFoundation.Python.3.11_qbz5n2kfra8p0\\LocalCache\\local-packages\\Python311\\site-packages\\PyInstaller\\hooks\\pre_safe_import_module'
7123 INFO: SetuptoolsInfo: initializing cached setuptools info...
7991 INFO: Processing pre-safe-import-module hook 'hook-typing_extensions.py' from 'C:\\Users\\shani\\AppData\\Local\\Packages\\PythonSoftwareFoundation.Python.3.11_qbz5n2kfra8p0\\LocalCache\\local-packages\\Python311\\site-packages\\PyInstaller\\hooks\\pre_safe_import_module'
8269 INFO: Processing standard module hook 'hook-multiprocessing.util.py' from 'C:\\Users\\shani\\AppData\\Local\\Packages\\PythonSoftwareFoundation.Python.3.11_qbz5n2kfra8p0\\LocalCache\\local-packages\\Python311\\site-packages\\PyInstaller\\hooks'
8444 INFO: Processing standard module hook 'hook-xml.py' from 'C:\\Users\\shani\\AppData\\Local\\Packages\\PythonSoftwareFoundation.Python.3.11_qbz5n2kfra8p0\\LocalCache\\local-packages\\Python311\\site-packages\\PyInstaller\\hooks'
9558 INFO: Processing standard module hook 'hook-PIL.py' from 'C:\\Users\\shani\\AppData\\Local\\Packages\\PythonSoftwareFoundation.Python.3.11_qbz5n2kfra8p0\\LocalCache\\local-packages\\Python311\\site-packages\\PyInstaller\\hooks'
9667 INFO: Processing standard module hook 'hook-PIL.Image.py' from 'C:\\Users\\shani\\AppData\\Local\\Packages\\PythonSoftwareFoundation.Python.3.11_qbz5n2kfra8p0\\LocalCache\\local-packages\\Python311\\site-packages\\PyInstaller\\hooks'
10082 INFO: Processing standard module hook 'hook-numpy.py' from 'C:\\Users\\shani\\AppData\\Local\\Packages\\PythonSoftwareFoundation.Python.3.11_qbz5n2kfra8p0\\LocalCache\\local-packages\\Python311\\site-packages\\PyInstaller\\hooks'
10656 INFO: Processing standard module hook 'hook-difflib.py' from 'C:\\Users\\shani\\AppData\\Local\\Packages\\PythonSoftwareFoundation.Python.3.11_qbz5n2kfra8p0\\LocalCache\\local-packages\\Python311\\site-packages\\PyInstaller\\hooks'
11221 INFO: Processing standard module hook 'hook-sysconfig.py' from 'C:\\Users\\shani\\AppData\\Local\\Packages\\PythonSoftwareFoundation.Python.3.11_qbz5n2kfra8p0\\LocalCache\\local-packages\\Python311\\site-packages\\PyInstaller\\hooks'
13560 INFO: Processing standard module hook 'hook-charset_normalizer.py' from 'C:\\Users\\shani\\AppData\\Local\\Packages\\PythonSoftwareFoundation.Python.3.11_qbz5n2kfra8p0\\LocalCache\\local-packages\\Python311\\site-packages\\_pyinstaller_hooks_contrib\\stdhooks'
13945 INFO: Processing standard module hook 'hook-xml.etree.cElementTree.py' from 'C:\\Users\\shani\\AppData\\Local\\Packages\\PythonSoftwareFoundation.Python.3.11_qbz5n2kfra8p0\\LocalCache\\local-packages\\Python311\\site-packages\\PyInstaller\\hooks'
14025 INFO: Processing standard module hook 'hook-xml.dom.domreg.py' from 'C:\\Users\\shani\\AppData\\Local\\Packages\\PythonSoftwareFoundation.Python.3.11_qbz5n2kfra8p0\\LocalCache\\local-packages\\Python311\\site-packages\\PyInstaller\\hooks'
14465 INFO: Processing standard module hook 'hook-PIL.ImageFilter.py' from 'C:\\Users\\shani\\AppData\\Local\\Packages\\PythonSoftwareFoundation.Python.3.11_qbz5n2kfra8p0\\LocalCache\\local-packages\\Python311\\site-packages\\PyInstaller\\hooks'
15108 INFO: Processing standard module hook 'hook-matplotlib.py' from 'C:\\Users\\shani\\AppData\\Local\\Packages\\PythonSoftwareFoundation.Python.3.11_qbz5n2kfra8p0\\LocalCache\\local-packages\\Python311\\site-packages\\PyInstaller\\hooks'
15977 INFO: Processing standard module hook 'hook-matplotlib.backend_bases.py' from 'C:\\Users\\shani\\AppData\\Local\\Packages\\PythonSoftwareFoundation.Python.3.11_qbz5n2kfra8p0\\LocalCache\\local-packages\\Python311\\site-packages\\PyInstaller\\hooks'
16742 INFO: Processing standard module hook 'hook-jinja2.py' from 'C:\\Users\\shani\\AppData\\Local\\Packages\\PythonSoftwareFoundation.Python.3.11_qbz5n2kfra8p0\\LocalCache\\local-packages\\Python311\\site-packages\\_pyinstaller_hooks_contrib\\stdhooks'
17521 INFO: Processing standard module hook 'hook-matplotlib.backends.py' from 'C:\\Users\\shani\\AppData\\Local\\Packages\\PythonSoftwareFoundation.Python.3.11_qbz5n2kfra8p0\\LocalCache\\local-packages\\Python311\\site-packages\\PyInstaller\\hooks'
17618 INFO: Processing standard module hook 'hook-matplotlib.pyplot.py' from 'C:\\Users\\shani\\AppData\\Local\\Packages\\PythonSoftwareFoundation.Python.3.11_qbz5n2kfra8p0\\LocalCache\\local-packages\\Python311\\site-packages\\PyInstaller\\hooks'
18710 INFO: Processing standard module hook 'hook-dateutil.py' from 'C:\\Users\\shani\\AppData\\Local\\Packages\\PythonSoftwareFoundation.Python.3.11_qbz5n2kfra8p0\\LocalCache\\local-packages\\Python311\\site-packages\\_pyinstaller_hooks_contrib\\stdhooks'
18802 INFO: Processing pre-safe-import-module hook 'hook-six.moves.py' from 'C:\\Users\\shani\\AppData\\Local\\Packages\\PythonSoftwareFoundation.Python.3.11_qbz5n2kfra8p0\\LocalCache\\local-packages\\Python311\\site-packages\\PyInstaller\\hooks\\pre_safe_import_module'
22402 INFO: Processing pre-safe-import-module hook 'hook-gi.py' from 'C:\\Users\\shani\\AppData\\Local\\Packages\\PythonSoftwareFoundation.Python.3.11_qbz5n2kfra8p0\\LocalCache\\local-packages\\Python311\\site-packages\\PyInstaller\\hooks\\pre_safe_import_module'
22410 INFO: Processing standard module hook 'hook-certifi.py' from 'C:\\Users\\shani\\AppData\\Local\\Packages\\PythonSoftwareFoundation.Python.3.11_qbz5n2kfra8p0\\LocalCache\\local-packages\\Python311\\site-packages\\_pyinstaller_hooks_contrib\\stdhooks'
22470 INFO: Processing module hooks (post-graph stage)...
22479 INFO: Processing standard module hook 'hook-matplotlib.backends.py' from 'C:\\Users\\shani\\AppData\\Local\\Packages\\PythonSoftwareFoundation.Python.3.11_qbz5n2kfra8p0\\LocalCache\\local-packages\\Python311\\site-packages\\PyInstaller\\hooks'
22480 INFO: Matplotlib backend selection method: automatic discovery of used backends
22929 INFO: Trying determine the default backend as first importable candidate from the list: ['QtAgg', 'Qt5Agg', 'Gtk4Agg', 'Gtk3Agg', 'TkAgg', 'WxAgg']
23548 INFO: Selected matplotlib backends: ['QtAgg']
23553 INFO: Processing standard module hook 'hook-matplotlib.backends.backend_qtagg.py' from 'C:\\Users\\shani\\AppData\\Local\\Packages\\PythonSoftwareFoundation.Python.3.11_qbz5n2kfra8p0\\LocalCache\\local-packages\\Python311\\site-packages\\PyInstaller\\hooks'
23557 INFO: Processing standard module hook 'hook-matplotlib.backends.qt_compat.py' from 'C:\\Users\\shani\\AppData\\Local\\Packages\\PythonSoftwareFoundation.Python.3.11_qbz5n2kfra8p0\\LocalCache\\local-packages\\Python311\\site-packages\\PyInstaller\\hooks'
23954 INFO: hook-matplotlib.backends.qt_compat: selected 'PyQt6' as the only available Qt bindings.
24290 INFO: Processing standard module hook 'hook-PIL.SpiderImagePlugin.py' from 'C:\\Users\\shani\\AppData\\Local\\Packages\\PythonSoftwareFoundation.Python.3.11_qbz5n2kfra8p0\\LocalCache\\local-packages\\Python311\\site-packages\\PyInstaller\\hooks'
24329 INFO: Processing standard module hook 'hook-_tkinter.py' from 'C:\\Users\\shani\\AppData\\Local\\Packages\\PythonSoftwareFoundation.Python.3.11_qbz5n2kfra8p0\\LocalCache\\local-packages\\Python311\\site-packages\\PyInstaller\\hooks'
24349 INFO: Performing binary vs. data reclassification (1238 entries)
24602 INFO: Looking for ctypes DLLs
24623 WARNING: Ignoring AppKit.framework/AppKit imported from C:\Users\shani\AppData\Local\Packages\PythonSoftwareFoundation.Python.3.11_qbz5n2kfra8p0\LocalCache\local-packages\Python311\site-packages\darkdetect\_mac_detect.py - only basenames are supported with ctypes imports!
24743 INFO: Analyzing run-time hooks ...
24748 INFO: Including run-time hook 'pyi_rth_inspect.py' from 'C:\\Users\\shani\\AppData\\Local\\Packages\\PythonSoftwareFoundation.Python.3.11_qbz5n2kfra8p0\\LocalCache\\local-packages\\Python311\\site-packages\\PyInstaller\\hooks\\rthooks'
24750 INFO: Including run-time hook 'pyi_rth_pkgutil.py' from 'C:\\Users\\shani\\AppData\\Local\\Packages\\PythonSoftwareFoundation.Python.3.11_qbz5n2kfra8p0\\LocalCache\\local-packages\\Python311\\site-packages\\PyInstaller\\hooks\\rthooks'
24752 INFO: Including run-time hook 'pyi_rth_multiprocessing.py' from 'C:\\Users\\shani\\AppData\\Local\\Packages\\PythonSoftwareFoundation.Python.3.11_qbz5n2kfra8p0\\LocalCache\\local-packages\\Python311\\site-packages\\PyInstaller\\hooks\\rthooks'
24755 INFO: Including run-time hook 'pyi_rth_mplconfig.py' from 'C:\\Users\\shani\\AppData\\Local\\Packages\\PythonSoftwareFoundation.Python.3.11_qbz5n2kfra8p0\\LocalCache\\local-packages\\Python311\\site-packages\\PyInstaller\\hooks\\rthooks'
24756 INFO: Processing pre-find-module-path hook 'hook-_pyi_rth_utils.py' from 'C:\\Users\\shani\\AppData\\Local\\Packages\\PythonSoftwareFoundation.Python.3.11_qbz5n2kfra8p0\\LocalCache\\local-packages\\Python311\\site-packages\\PyInstaller\\hooks\\pre_find_module_path'
24757 INFO: Processing standard module hook 'hook-_pyi_rth_utils.py' from 'C:\\Users\\shani\\AppData\\Local\\Packages\\PythonSoftwareFoundation.Python.3.11_qbz5n2kfra8p0\\LocalCache\\local-packages\\Python311\\site-packages\\PyInstaller\\hooks'
24766 INFO: Including run-time hook 'pyi_rth__tkinter.py' from 'C:\\Users\\shani\\AppData\\Local\\Packages\\PythonSoftwareFoundation.Python.3.11_qbz5n2kfra8p0\\LocalCache\\local-packages\\Python311\\site-packages\\PyInstaller\\hooks\\rthooks'
24809 INFO: Creating base_library.zip...
24839 INFO: Looking for dynamic libraries
25916 INFO: Extra DLL search directories (AddDllDirectory): ['C:\\Users\\shani\\AppData\\Local\\Packages\\PythonSoftwareFoundation.Python.3.11_qbz5n2kfra8p0\\LocalCache\\local-packages\\Python311\\site-packages\\numpy.libs']
25917 INFO: Extra DLL search directories (PATH): []
27357 INFO: Warnings written to C:\MT5-TradeManager\build\MT5TradeManager\warn-MT5TradeManager.txt
27464 INFO: Graph cross-reference written to C:\MT5-TradeManager\build\MT5TradeManager\xref-MT5TradeManager.html
27555 INFO: checking PYZ
27650 INFO: checking PKG
27685 INFO: Building because toc changed
27685 INFO: Building PKG (CArchive) MT5TradeManager.pkg
38624 INFO: Building PKG (CArchive) MT5TradeManager.pkg completed successfully.
38659 INFO: Bootloader C:\Users\shani\AppData\Local\Packages\PythonSoftwareFoundation.Python.3.11_qbz5n2kfra8p0\LocalCache\local-packages\Python311\site-packages\PyInstaller\bootloader\Windows-64bit-intel\runw.exe
38659 INFO: checking EXE
38677 INFO: Rebuilding EXE-00.toc because MT5TradeManager.exe missing
38677 INFO: Building EXE from EXE-00.toc
38677 INFO: Copying bootloader EXE to C:\MT5-TradeManager\dist\MT5TradeManager.exe
38686 INFO: Copying icon to EXE
38767 INFO: Copying 0 resources to EXE
38768 INFO: Embedding manifest in EXE
38774 INFO: Appending PKG archive to EXE
38909 INFO: Fixing EXE headers
41852 INFO: Building EXE from EXE-00.toc completed successfully.
41882 INFO: Build complete! The results are available in: C:\MT5-TradeManager\dist
