135 INFO: PyInstaller: 6.19.0, contrib hooks: 2026.3
135 INFO: Python: 3.11.9
149 INFO: Platform: Windows-10-10.0.26200-SP0
149 INFO: Python environment: C:\Program Files\WindowsApps\PythonSoftwareFoundation.Python.3.11_3.11.2544.0_x64__qbz5n2kfra8p0
149 INFO: wrote C:\MT5-TradeManager\MT5TradeManager.spec
545 INFO: Module search paths (PYTHONPATH):
['C:\\Users\\shani\\AppData\\Local\\Packages\\PythonSoftwareFoundation.Python.3.11_qbz5n2kfra8p0\\LocalCache\\local-packages\\Python311\\Scripts\\pyinstaller.exe',
 'C:\\Program '
 'Files\\WindowsApps\\PythonSoftwareFoundation.Python.3.11_3.11.2544.0_x64__qbz5n2kfra8p0\\python311.zip',
 'C:\\Program '
 'Files\\WindowsApps\\PythonSoftwareFoundation.Python.3.11_3.11.2544.0_x64__qbz5n2kfra8p0\\DLLs',
 'C:\\Program '
 'Files\\WindowsApps\\PythonSoftwareFoundation.Python.3.11_3.11.2544.0_x64__qbz5n2kfra8p0\\Lib',
 'C:\\Program '
 'Files\\WindowsApps\\PythonSoftwareFoundation.Python.3.11_3.11.2544.0_x64__qbz5n2kfra8p0',
 'C:\\Users\\shani\\AppData\\Local\\Packages\\PythonSoftwareFoundation.Python.3.11_qbz5n2kfra8p0\\LocalCache\\local-packages\\Python311\\site-packages',
 'C:\\Users\\shani\\AppData\\Local\\Packages\\PythonSoftwareFoundation.Python.3.11_qbz5n2kfra8p0\\LocalCache\\local-packages\\Python311\\site-packages\\win32',
 'C:\\Users\\shani\\AppData\\Local\\Packages\\PythonSoftwareFoundation.Python.3.11_qbz5n2kfra8p0\\LocalCache\\local-packages\\Python311\\site-packages\\win32\\lib',
 'C:\\Users\\shani\\AppData\\Local\\Packages\\PythonSoftwareFoundation.Python.3.11_qbz5n2kfra8p0\\LocalCache\\local-packages\\Python311\\site-packages\\pythonwin',
 'C:\\Program '
 'Files\\WindowsApps\\PythonSoftwareFoundation.Python.3.11_3.11.2544.0_x64__qbz5n2kfra8p0\\Lib\\site-packages',
 'C:\\MT5-TradeManager']
1231 INFO: Appending 'datas' from .spec
1257 INFO: checking Analysis
1257 INFO: Building Analysis because Analysis-00.toc is non existent
1257 INFO: Looking for Python shared library...
1257 INFO: Using Python shared library: C:\Program Files\WindowsApps\PythonSoftwareFoundation.Python.3.11_3.11.2544.0_x64__qbz5n2kfra8p0\python311.dll
1257 INFO: Running Analysis Analysis-00.toc
1257 INFO: Target bytecode optimization level: 0
1257 INFO: Initializing module dependency graph...
1259 INFO: Initializing module graph hook caches...
1276 INFO: Analyzing modules for base_library.zip ...
2124 INFO: Processing standard module hook 'hook-heapq.py' from 'C:\\Users\\shani\\AppData\\Local\\Packages\\PythonSoftwareFoundation.Python.3.11_qbz5n2kfra8p0\\LocalCache\\local-packages\\Python311\\site-packages\\PyInstaller\\hooks'
2341 INFO: Processing standard module hook 'hook-encodings.py' from 'C:\\Users\\shani\\AppData\\Local\\Packages\\PythonSoftwareFoundation.Python.3.11_qbz5n2kfra8p0\\LocalCache\\local-packages\\Python311\\site-packages\\PyInstaller\\hooks'
3894 INFO: Processing standard module hook 'hook-pickle.py' from 'C:\\Users\\shani\\AppData\\Local\\Packages\\PythonSoftwareFoundation.Python.3.11_qbz5n2kfra8p0\\LocalCache\\local-packages\\Python311\\site-packages\\PyInstaller\\hooks'
5307 INFO: Caching module dependency graph...
5353 INFO: Analyzing C:\MT5-TradeManager\main.py
5355 INFO: Processing pre-find-module-path hook 'hook-tkinter.py' from 'C:\\Users\\shani\\AppData\\Local\\Packages\\PythonSoftwareFoundation.Python.3.11_qbz5n2kfra8p0\\LocalCache\\local-packages\\Python311\\site-packages\\PyInstaller\\hooks\\pre_find_module_path'
5356 INFO: TclTkInfo: initializing cached Tcl/Tk info...
5674 INFO: Processing standard module hook 'hook-_tkinter.py' from 'C:\\Users\\shani\\AppData\\Local\\Packages\\PythonSoftwareFoundation.Python.3.11_qbz5n2kfra8p0\\LocalCache\\local-packages\\Python311\\site-packages\\PyInstaller\\hooks'
5688 INFO: Processing standard module hook 'hook-customtkinter.py' from 'C:\\Users\\shani\\AppData\\Local\\Packages\\PythonSoftwareFoundation.Python.3.11_qbz5n2kfra8p0\\LocalCache\\local-packages\\Python311\\site-packages\\_pyinstaller_hooks_contrib\\stdhooks'
5828 INFO: Processing standard module hook 'hook-platform.py' from 'C:\\Users\\shani\\AppData\\Local\\Packages\\PythonSoftwareFoundation.Python.3.11_qbz5n2kfra8p0\\LocalCache\\local-packages\\Python311\\site-packages\\PyInstaller\\hooks'
5845 INFO: Processing standard module hook 'hook-_ctypes.py' from 'C:\\Users\\shani\\AppData\\Local\\Packages\\PythonSoftwareFoundation.Python.3.11_qbz5n2kfra8p0\\LocalCache\\local-packages\\Python311\\site-packages\\PyInstaller\\hooks'
5847 INFO: Processing pre-safe-import-module hook 'hook-packaging.py' from 'C:\\Users\\shani\\AppData\\Local\\Packages\\PythonSoftwareFoundation.Python.3.11_qbz5n2kfra8p0\\LocalCache\\local-packages\\Python311\\site-packages\\PyInstaller\\hooks\\pre_safe_import_module'
5848 INFO: SetuptoolsInfo: initializing cached setuptools info...
6869 INFO: Processing pre-safe-import-module hook 'hook-typing_extensions.py' from 'C:\\Users\\shani\\AppData\\Local\\Packages\\PythonSoftwareFoundation.Python.3.11_qbz5n2kfra8p0\\LocalCache\\local-packages\\Python311\\site-packages\\PyInstaller\\hooks\\pre_safe_import_module'
7211 INFO: Processing standard module hook 'hook-multiprocessing.util.py' from 'C:\\Users\\shani\\AppData\\Local\\Packages\\PythonSoftwareFoundation.Python.3.11_qbz5n2kfra8p0\\LocalCache\\local-packages\\Python311\\site-packages\\PyInstaller\\hooks'
7406 INFO: Processing standard module hook 'hook-xml.py' from 'C:\\Users\\shani\\AppData\\Local\\Packages\\PythonSoftwareFoundation.Python.3.11_qbz5n2kfra8p0\\LocalCache\\local-packages\\Python311\\site-packages\\PyInstaller\\hooks'
8286 INFO: Processing standard module hook 'hook-PIL.py' from 'C:\\Users\\shani\\AppData\\Local\\Packages\\PythonSoftwareFoundation.Python.3.11_qbz5n2kfra8p0\\LocalCache\\local-packages\\Python311\\site-packages\\PyInstaller\\hooks'
8381 INFO: Processing standard module hook 'hook-PIL.Image.py' from 'C:\\Users\\shani\\AppData\\Local\\Packages\\PythonSoftwareFoundation.Python.3.11_qbz5n2kfra8p0\\LocalCache\\local-packages\\Python311\\site-packages\\PyInstaller\\hooks'
8735 INFO: Processing standard module hook 'hook-numpy.py' from 'C:\\Users\\shani\\AppData\\Local\\Packages\\PythonSoftwareFoundation.Python.3.11_qbz5n2kfra8p0\\LocalCache\\local-packages\\Python311\\site-packages\\PyInstaller\\hooks'
9217 INFO: Processing standard module hook 'hook-difflib.py' from 'C:\\Users\\shani\\AppData\\Local\\Packages\\PythonSoftwareFoundation.Python.3.11_qbz5n2kfra8p0\\LocalCache\\local-packages\\Python311\\site-packages\\PyInstaller\\hooks'
9707 INFO: Processing standard module hook 'hook-sysconfig.py' from 'C:\\Users\\shani\\AppData\\Local\\Packages\\PythonSoftwareFoundation.Python.3.11_qbz5n2kfra8p0\\LocalCache\\local-packages\\Python311\\site-packages\\PyInstaller\\hooks'
11539 INFO: Processing standard module hook 'hook-charset_normalizer.py' from 'C:\\Users\\shani\\AppData\\Local\\Packages\\PythonSoftwareFoundation.Python.3.11_qbz5n2kfra8p0\\LocalCache\\local-packages\\Python311\\site-packages\\_pyinstaller_hooks_contrib\\stdhooks'
11959 INFO: Processing standard module hook 'hook-xml.etree.cElementTree.py' from 'C:\\Users\\shani\\AppData\\Local\\Packages\\PythonSoftwareFoundation.Python.3.11_qbz5n2kfra8p0\\LocalCache\\local-packages\\Python311\\site-packages\\PyInstaller\\hooks'
12029 INFO: Processing standard module hook 'hook-xml.dom.domreg.py' from 'C:\\Users\\shani\\AppData\\Local\\Packages\\PythonSoftwareFoundation.Python.3.11_qbz5n2kfra8p0\\LocalCache\\local-packages\\Python311\\site-packages\\PyInstaller\\hooks'
12424 INFO: Processing standard module hook 'hook-PIL.ImageFilter.py' from 'C:\\Users\\shani\\AppData\\Local\\Packages\\PythonSoftwareFoundation.Python.3.11_qbz5n2kfra8p0\\LocalCache\\local-packages\\Python311\\site-packages\\PyInstaller\\hooks'
13032 INFO: Processing standard module hook 'hook-matplotlib.py' from 'C:\\Users\\shani\\AppData\\Local\\Packages\\PythonSoftwareFoundation.Python.3.11_qbz5n2kfra8p0\\LocalCache\\local-packages\\Python311\\site-packages\\PyInstaller\\hooks'
13793 INFO: Processing standard module hook 'hook-matplotlib.backend_bases.py' from 'C:\\Users\\shani\\AppData\\Local\\Packages\\PythonSoftwareFoundation.Python.3.11_qbz5n2kfra8p0\\LocalCache\\local-packages\\Python311\\site-packages\\PyInstaller\\hooks'
14475 INFO: Processing standard module hook 'hook-jinja2.py' from 'C:\\Users\\shani\\AppData\\Local\\Packages\\PythonSoftwareFoundation.Python.3.11_qbz5n2kfra8p0\\LocalCache\\local-packages\\Python311\\site-packages\\_pyinstaller_hooks_contrib\\stdhooks'
15060 INFO: Processing standard module hook 'hook-matplotlib.backends.py' from 'C:\\Users\\shani\\AppData\\Local\\Packages\\PythonSoftwareFoundation.Python.3.11_qbz5n2kfra8p0\\LocalCache\\local-packages\\Python311\\site-packages\\PyInstaller\\hooks'
15139 INFO: Processing standard module hook 'hook-matplotlib.pyplot.py' from 'C:\\Users\\shani\\AppData\\Local\\Packages\\PythonSoftwareFoundation.Python.3.11_qbz5n2kfra8p0\\LocalCache\\local-packages\\Python311\\site-packages\\PyInstaller\\hooks'
16197 INFO: Processing standard module hook 'hook-dateutil.py' from 'C:\\Users\\shani\\AppData\\Local\\Packages\\PythonSoftwareFoundation.Python.3.11_qbz5n2kfra8p0\\LocalCache\\local-packages\\Python311\\site-packages\\_pyinstaller_hooks_contrib\\stdhooks'
16276 INFO: Processing pre-safe-import-module hook 'hook-six.moves.py' from 'C:\\Users\\shani\\AppData\\Local\\Packages\\PythonSoftwareFoundation.Python.3.11_qbz5n2kfra8p0\\LocalCache\\local-packages\\Python311\\site-packages\\PyInstaller\\hooks\\pre_safe_import_module'
18985 INFO: Processing standard module hook 'hook-pandas.py' from 'C:\\Users\\shani\\AppData\\Local\\Packages\\PythonSoftwareFoundation.Python.3.11_qbz5n2kfra8p0\\LocalCache\\local-packages\\Python311\\site-packages\\PyInstaller\\hooks'
20522 INFO: Processing standard module hook 'hook-pytz.py' from 'C:\\Users\\shani\\AppData\\Local\\Packages\\PythonSoftwareFoundation.Python.3.11_qbz5n2kfra8p0\\LocalCache\\local-packages\\Python311\\site-packages\\PyInstaller\\hooks'
21030 INFO: Processing standard module hook 'hook-scipy.py' from 'C:\\Users\\shani\\AppData\\Local\\Packages\\PythonSoftwareFoundation.Python.3.11_qbz5n2kfra8p0\\LocalCache\\local-packages\\Python311\\site-packages\\PyInstaller\\hooks'
21655 INFO: Processing standard module hook 'hook-pytest.py' from 'C:\\Users\\shani\\AppData\\Local\\Packages\\PythonSoftwareFoundation.Python.3.11_qbz5n2kfra8p0\\LocalCache\\local-packages\\Python311\\site-packages\\_pyinstaller_hooks_contrib\\stdhooks'
21844 INFO: Processing standard module hook 'hook-py.py' from 'C:\\Users\\shani\\AppData\\Local\\Packages\\PythonSoftwareFoundation.Python.3.11_qbz5n2kfra8p0\\LocalCache\\local-packages\\Python311\\site-packages\\_pyinstaller_hooks_contrib\\stdhooks'
22370 INFO: Processing pre-safe-import-module hook 'hook-tomli.py' from 'C:\\Users\\shani\\AppData\\Local\\Packages\\PythonSoftwareFoundation.Python.3.11_qbz5n2kfra8p0\\LocalCache\\local-packages\\Python311\\site-packages\\PyInstaller\\hooks\\pre_safe_import_module'
23046 INFO: Processing standard module hook 'hook-pygments.py' from 'C:\\Users\\shani\\AppData\\Local\\Packages\\PythonSoftwareFoundation.Python.3.11_qbz5n2kfra8p0\\LocalCache\\local-packages\\Python311\\site-packages\\PyInstaller\\hooks'
24735 INFO: Processing standard module hook 'hook-pkg_resources.py' from 'C:\\Users\\shani\\AppData\\Local\\Packages\\PythonSoftwareFoundation.Python.3.11_qbz5n2kfra8p0\\LocalCache\\local-packages\\Python311\\site-packages\\PyInstaller\\hooks'
26325 INFO: Processing standard module hook 'hook-pycparser.py' from 'C:\\Users\\shani\\AppData\\Local\\Packages\\PythonSoftwareFoundation.Python.3.11_qbz5n2kfra8p0\\LocalCache\\local-packages\\Python311\\site-packages\\_pyinstaller_hooks_contrib\\stdhooks'
26466 INFO: Processing standard module hook 'hook-setuptools.py' from 'C:\\Users\\shani\\AppData\\Local\\Packages\\PythonSoftwareFoundation.Python.3.11_qbz5n2kfra8p0\\LocalCache\\local-packages\\Python311\\site-packages\\PyInstaller\\hooks'
26473 INFO: Processing pre-safe-import-module hook 'hook-distutils.py' from 'C:\\Users\\shani\\AppData\\Local\\Packages\\PythonSoftwareFoundation.Python.3.11_qbz5n2kfra8p0\\LocalCache\\local-packages\\Python311\\site-packages\\PyInstaller\\hooks\\pre_safe_import_module'
26474 INFO: Processing pre-find-module-path hook 'hook-distutils.py' from 'C:\\Users\\shani\\AppData\\Local\\Packages\\PythonSoftwareFoundation.Python.3.11_qbz5n2kfra8p0\\LocalCache\\local-packages\\Python311\\site-packages\\PyInstaller\\hooks\\pre_find_module_path'
27600 INFO: Processing standard module hook 'hook-distutils.py' from 'C:\\Users\\shani\\AppData\\Local\\Packages\\PythonSoftwareFoundation.Python.3.11_qbz5n2kfra8p0\\LocalCache\\local-packages\\Python311\\site-packages\\PyInstaller\\hooks'
27655 INFO: Processing standard module hook 'hook-distutils.util.py' from 'C:\\Users\\shani\\AppData\\Local\\Packages\\PythonSoftwareFoundation.Python.3.11_qbz5n2kfra8p0\\LocalCache\\local-packages\\Python311\\site-packages\\PyInstaller\\hooks'
27685 INFO: Processing standard module hook 'hook-_osx_support.py' from 'C:\\Users\\shani\\AppData\\Local\\Packages\\PythonSoftwareFoundation.Python.3.11_qbz5n2kfra8p0\\LocalCache\\local-packages\\Python311\\site-packages\\PyInstaller\\hooks'
27883 INFO: Processing pre-safe-import-module hook 'hook-importlib_metadata.py' from 'C:\\Users\\shani\\AppData\\Local\\Packages\\PythonSoftwareFoundation.Python.3.11_qbz5n2kfra8p0\\LocalCache\\local-packages\\Python311\\site-packages\\PyInstaller\\hooks\\pre_safe_import_module'
28102 INFO: Processing standard module hook 'hook-importlib_metadata.py' from 'C:\\Users\\shani\\AppData\\Local\\Packages\\PythonSoftwareFoundation.Python.3.11_qbz5n2kfra8p0\\LocalCache\\local-packages\\Python311\\site-packages\\PyInstaller\\hooks'
28123 INFO: Processing pre-safe-import-module hook 'hook-zipp.py' from 'C:\\Users\\shani\\AppData\\Local\\Packages\\PythonSoftwareFoundation.Python.3.11_qbz5n2kfra8p0\\LocalCache\\local-packages\\Python311\\site-packages\\PyInstaller\\hooks\\pre_safe_import_module'
29274 INFO: Processing standard module hook 'hook-torch.py' from 'C:\\Users\\shani\\AppData\\Local\\Packages\\PythonSoftwareFoundation.Python.3.11_qbz5n2kfra8p0\\LocalCache\\local-packages\\Python311\\site-packages\\_pyinstaller_hooks_contrib\\stdhooks'
1762 WARNING: Failed to collect submodules for 'torch.utils.tensorboard' because importing 'torch.utils.tensorboard' raised: ModuleNotFoundError: No module named 'tensorboard'
C:\Users\shani\AppData\Local\Packages\PythonSoftwareFoundation.Python.3.11_qbz5n2kfra8p0\LocalCache\local-packages\Python311\site-packages\PyInstaller\utils\hooks\__init__.py:665: DeprecationWarning: `torch.distributed._sharding_spec` will be deprecated, use `torch.distributed._shard.sharding_spec` instead
  __import__(name)
C:\Users\shani\AppData\Local\Packages\PythonSoftwareFoundation.Python.3.11_qbz5n2kfra8p0\LocalCache\local-packages\Python311\site-packages\PyInstaller\utils\hooks\__init__.py:665: DeprecationWarning: `torch.distributed._sharded_tensor` will be deprecated, use `torch.distributed._shard.sharded_tensor` instead
  __import__(name)
C:\Users\shani\AppData\Local\Packages\PythonSoftwareFoundation.Python.3.11_qbz5n2kfra8p0\LocalCache\local-packages\Python311\site-packages\PyInstaller\utils\hooks\__init__.py:665: DeprecationWarning: `torch.distributed._shard.checkpoint` will be deprecated, use `torch.distributed.checkpoint` instead
  __import__(name)
45232 INFO: hook-torch: this torch build does not depend on MKL...
57132 INFO: Processing standard module hook 'hook-scipy.linalg.py' from 'C:\\Users\\shani\\AppData\\Local\\Packages\\PythonSoftwareFoundation.Python.3.11_qbz5n2kfra8p0\\LocalCache\\local-packages\\Python311\\site-packages\\PyInstaller\\hooks'
57279 INFO: Processing standard module hook 'hook-scipy.special._ufuncs.py' from 'C:\\Users\\shani\\AppData\\Local\\Packages\\PythonSoftwareFoundation.Python.3.11_qbz5n2kfra8p0\\LocalCache\\local-packages\\Python311\\site-packages\\PyInstaller\\hooks'
61396 INFO: Processing pre-safe-import-module hook 'hook-win32com.py' from 'C:\\Users\\shani\\AppData\\Local\\Packages\\PythonSoftwareFoundation.Python.3.11_qbz5n2kfra8p0\\LocalCache\\local-packages\\Python311\\site-packages\\_pyinstaller_hooks_contrib\\pre_safe_import_module'
61509 INFO: Processing standard module hook 'hook-win32com.py' from 'C:\\Users\\shani\\AppData\\Local\\Packages\\PythonSoftwareFoundation.Python.3.11_qbz5n2kfra8p0\\LocalCache\\local-packages\\Python311\\site-packages\\_pyinstaller_hooks_contrib\\stdhooks'
61510 INFO: Processing standard module hook 'hook-pythoncom.py' from 'C:\\Users\\shani\\AppData\\Local\\Packages\\PythonSoftwareFoundation.Python.3.11_qbz5n2kfra8p0\\LocalCache\\local-packages\\Python311\\site-packages\\_pyinstaller_hooks_contrib\\stdhooks'
61622 INFO: Processing standard module hook 'hook-pywintypes.py' from 'C:\\Users\\shani\\AppData\\Local\\Packages\\PythonSoftwareFoundation.Python.3.11_qbz5n2kfra8p0\\LocalCache\\local-packages\\Python311\\site-packages\\_pyinstaller_hooks_contrib\\stdhooks'
61996 INFO: Processing standard module hook 'hook-sqlite3.py' from 'C:\\Users\\shani\\AppData\\Local\\Packages\\PythonSoftwareFoundation.Python.3.11_qbz5n2kfra8p0\\LocalCache\\local-packages\\Python311\\site-packages\\PyInstaller\\hooks'
66240 INFO: Processing standard module hook 'hook-wcwidth.py' from 'C:\\Users\\shani\\AppData\\Local\\Packages\\PythonSoftwareFoundation.Python.3.11_qbz5n2kfra8p0\\LocalCache\\local-packages\\Python311\\site-packages\\PyInstaller\\hooks'
70702 INFO: Processing standard module hook 'hook-scipy.spatial._ckdtree.py' from 'C:\\Users\\shani\\AppData\\Local\\Packages\\PythonSoftwareFoundation.Python.3.11_qbz5n2kfra8p0\\LocalCache\\local-packages\\Python311\\site-packages\\PyInstaller\\hooks'
73658 INFO: Processing standard module hook 'hook-scipy.spatial.transform.rotation.py' from 'C:\\Users\\shani\\AppData\\Local\\Packages\\PythonSoftwareFoundation.Python.3.11_qbz5n2kfra8p0\\LocalCache\\local-packages\\Python311\\site-packages\\PyInstaller\\hooks'
74756 INFO: Processing standard module hook 'hook-scipy.stats._stats.py' from 'C:\\Users\\shani\\AppData\\Local\\Packages\\PythonSoftwareFoundation.Python.3.11_qbz5n2kfra8p0\\LocalCache\\local-packages\\Python311\\site-packages\\PyInstaller\\hooks'
75575 INFO: Processing standard module hook 'hook-scipy.sparse.csgraph.py' from 'C:\\Users\\shani\\AppData\\Local\\Packages\\PythonSoftwareFoundation.Python.3.11_qbz5n2kfra8p0\\LocalCache\\local-packages\\Python311\\site-packages\\PyInstaller\\hooks'
76750 INFO: Processing standard module hook 'hook-pyarrow.py' from 'C:\\Users\\shani\\AppData\\Local\\Packages\\PythonSoftwareFoundation.Python.3.11_qbz5n2kfra8p0\\LocalCache\\local-packages\\Python311\\site-packages\\_pyinstaller_hooks_contrib\\stdhooks'
77883 INFO: Processing standard module hook 'hook-urllib3.py' from 'C:\\Users\\shani\\AppData\\Local\\Packages\\PythonSoftwareFoundation.Python.3.11_qbz5n2kfra8p0\\LocalCache\\local-packages\\Python311\\site-packages\\_pyinstaller_hooks_contrib\\stdhooks'
79317 INFO: Processing pre-safe-import-module hook 'hook-backports.py' from 'C:\\Users\\shani\\AppData\\Local\\Packages\\PythonSoftwareFoundation.Python.3.11_qbz5n2kfra8p0\\LocalCache\\local-packages\\Python311\\site-packages\\PyInstaller\\hooks\\pre_safe_import_module'
79319 INFO: Processing standard module hook 'hook-backports.py' from 'C:\\Users\\shani\\AppData\\Local\\Packages\\PythonSoftwareFoundation.Python.3.11_qbz5n2kfra8p0\\LocalCache\\local-packages\\Python311\\site-packages\\_pyinstaller_hooks_contrib\\stdhooks'
80200 INFO: Processing standard module hook 'hook-cryptography.py' from 'C:\\Users\\shani\\AppData\\Local\\Packages\\PythonSoftwareFoundation.Python.3.11_qbz5n2kfra8p0\\LocalCache\\local-packages\\Python311\\site-packages\\_pyinstaller_hooks_contrib\\stdhooks'
100749 INFO: hook-cryptography: cryptography does not seem to be using dynamically linked OpenSSL.
101100 INFO: Processing standard module hook 'hook-certifi.py' from 'C:\\Users\\shani\\AppData\\Local\\Packages\\PythonSoftwareFoundation.Python.3.11_qbz5n2kfra8p0\\LocalCache\\local-packages\\Python311\\site-packages\\_pyinstaller_hooks_contrib\\stdhooks'
101214 INFO: Processing standard module hook 'hook-fsspec.py' from 'C:\\Users\\shani\\AppData\\Local\\Packages\\PythonSoftwareFoundation.Python.3.11_qbz5n2kfra8p0\\LocalCache\\local-packages\\Python311\\site-packages\\_pyinstaller_hooks_contrib\\stdhooks'
102366 INFO: Processing standard module hook 'hook-numba.py' from 'C:\\Users\\shani\\AppData\\Local\\Packages\\PythonSoftwareFoundation.Python.3.11_qbz5n2kfra8p0\\LocalCache\\local-packages\\Python311\\site-packages\\_pyinstaller_hooks_contrib\\stdhooks'
102385 INFO: Processing standard module hook 'hook-llvmlite.py' from 'C:\\Users\\shani\\AppData\\Local\\Packages\\PythonSoftwareFoundation.Python.3.11_qbz5n2kfra8p0\\LocalCache\\local-packages\\Python311\\site-packages\\_pyinstaller_hooks_contrib\\stdhooks'
111397 INFO: Processing standard module hook 'hook-pandas.io.formats.style.py' from 'C:\\Users\\shani\\AppData\\Local\\Packages\\PythonSoftwareFoundation.Python.3.11_qbz5n2kfra8p0\\LocalCache\\local-packages\\Python311\\site-packages\\PyInstaller\\hooks'
113706 INFO: Processing standard module hook 'hook-pandas.plotting.py' from 'C:\\Users\\shani\\AppData\\Local\\Packages\\PythonSoftwareFoundation.Python.3.11_qbz5n2kfra8p0\\LocalCache\\local-packages\\Python311\\site-packages\\PyInstaller\\hooks'
114665 INFO: Processing standard module hook 'hook-openpyxl.py' from 'C:\\Users\\shani\\AppData\\Local\\Packages\\PythonSoftwareFoundation.Python.3.11_qbz5n2kfra8p0\\LocalCache\\local-packages\\Python311\\site-packages\\_pyinstaller_hooks_contrib\\stdhooks'
114856 INFO: Processing standard module hook 'hook-lxml.py' from 'C:\\Users\\shani\\AppData\\Local\\Packages\\PythonSoftwareFoundation.Python.3.11_qbz5n2kfra8p0\\LocalCache\\local-packages\\Python311\\site-packages\\_pyinstaller_hooks_contrib\\stdhooks'
115184 INFO: Processing standard module hook 'hook-lxml.etree.py' from 'C:\\Users\\shani\\AppData\\Local\\Packages\\PythonSoftwareFoundation.Python.3.11_qbz5n2kfra8p0\\LocalCache\\local-packages\\Python311\\site-packages\\_pyinstaller_hooks_contrib\\stdhooks'
118646 INFO: Processing standard module hook 'hook-pandas.io.clipboard.py' from 'C:\\Users\\shani\\AppData\\Local\\Packages\\PythonSoftwareFoundation.Python.3.11_qbz5n2kfra8p0\\LocalCache\\local-packages\\Python311\\site-packages\\PyInstaller\\hooks'
119748 INFO: Processing pre-safe-import-module hook 'hook-importlib_resources.py' from 'C:\\Users\\shani\\AppData\\Local\\Packages\\PythonSoftwareFoundation.Python.3.11_qbz5n2kfra8p0\\LocalCache\\local-packages\\Python311\\site-packages\\PyInstaller\\hooks\\pre_safe_import_module'
121660 INFO: Processing standard module hook 'hook-torchvision.py' from 'C:\\Users\\shani\\AppData\\Local\\Packages\\PythonSoftwareFoundation.Python.3.11_qbz5n2kfra8p0\\LocalCache\\local-packages\\Python311\\site-packages\\_pyinstaller_hooks_contrib\\stdhooks'
121731 INFO: Processing standard module hook 'hook-torchvision.io.image.py' from 'C:\\Users\\shani\\AppData\\Local\\Packages\\PythonSoftwareFoundation.Python.3.11_qbz5n2kfra8p0\\LocalCache\\local-packages\\Python311\\site-packages\\_pyinstaller_hooks_contrib\\stdhooks'
123497 INFO: Processing standard module hook 'hook-onnxruntime.py' from 'C:\\Users\\shani\\AppData\\Local\\Packages\\PythonSoftwareFoundation.Python.3.11_qbz5n2kfra8p0\\LocalCache\\local-packages\\Python311\\site-packages\\_pyinstaller_hooks_contrib\\stdhooks'
123580 INFO: Processing pre-safe-import-module hook 'hook-tensorflow.py' from 'C:\\Users\\shani\\AppData\\Local\\Packages\\PythonSoftwareFoundation.Python.3.11_qbz5n2kfra8p0\\LocalCache\\local-packages\\Python311\\site-packages\\_pyinstaller_hooks_contrib\\pre_safe_import_module'
124440 INFO: Processing standard module hook 'hook-scipy.io.matlab.py' from 'C:\\Users\\shani\\AppData\\Local\\Packages\\PythonSoftwareFoundation.Python.3.11_qbz5n2kfra8p0\\LocalCache\\local-packages\\Python311\\site-packages\\PyInstaller\\hooks'
137914 INFO: Processing standard module hook 'hook-rich.py' from 'C:\\Users\\shani\\AppData\\Local\\Packages\\PythonSoftwareFoundation.Python.3.11_qbz5n2kfra8p0\\LocalCache\\local-packages\\Python311\\site-packages\\_pyinstaller_hooks_contrib\\stdhooks'
146614 INFO: Processing standard module hook 'hook-scipy.special._ellip_harm_2.py' from 'C:\\Users\\shani\\AppData\\Local\\Packages\\PythonSoftwareFoundation.Python.3.11_qbz5n2kfra8p0\\LocalCache\\local-packages\\Python311\\site-packages\\PyInstaller\\hooks'
153957 INFO: Processing pre-safe-import-module hook 'hook-gi.py' from 'C:\\Users\\shani\\AppData\\Local\\Packages\\PythonSoftwareFoundation.Python.3.11_qbz5n2kfra8p0\\LocalCache\\local-packages\\Python311\\site-packages\\PyInstaller\\hooks\\pre_safe_import_module'
154005 INFO: Processing module hooks (post-graph stage)...
154364 INFO: Processing standard module hook 'hook-pydantic.py' from 'C:\\Users\\shani\\AppData\\Local\\Packages\\PythonSoftwareFoundation.Python.3.11_qbz5n2kfra8p0\\LocalCache\\local-packages\\Python311\\site-packages\\_pyinstaller_hooks_contrib\\stdhooks'
155299 INFO: Processing standard module hook 'hook-zoneinfo.py' from 'C:\\Users\\shani\\AppData\\Local\\Packages\\PythonSoftwareFoundation.Python.3.11_qbz5n2kfra8p0\\LocalCache\\local-packages\\Python311\\site-packages\\_pyinstaller_hooks_contrib\\stdhooks'
156689 INFO: Processing standard module hook 'hook-anyio.py' from 'C:\\Users\\shani\\AppData\\Local\\Packages\\PythonSoftwareFoundation.Python.3.11_qbz5n2kfra8p0\\LocalCache\\local-packages\\Python311\\site-packages\\_pyinstaller_hooks_contrib\\stdhooks'
158560 INFO: Processing standard module hook 'hook-dns.rdata.py' from 'C:\\Users\\shani\\AppData\\Local\\Packages\\PythonSoftwareFoundation.Python.3.11_qbz5n2kfra8p0\\LocalCache\\local-packages\\Python311\\site-packages\\_pyinstaller_hooks_contrib\\stdhooks'
161368 INFO: Processing standard module hook 'hook-lxml.isoschematron.py' from 'C:\\Users\\shani\\AppData\\Local\\Packages\\PythonSoftwareFoundation.Python.3.11_qbz5n2kfra8p0\\LocalCache\\local-packages\\Python311\\site-packages\\_pyinstaller_hooks_contrib\\stdhooks'
161479 WARNING: Hidden import "pycparser.lextab" not found!
161480 WARNING: Hidden import "pycparser.yacctab" not found!
172309 INFO: Processing standard module hook 'hook-matplotlib.backends.py' from 'C:\\Users\\shani\\AppData\\Local\\Packages\\PythonSoftwareFoundation.Python.3.11_qbz5n2kfra8p0\\LocalCache\\local-packages\\Python311\\site-packages\\PyInstaller\\hooks'
172309 INFO: Matplotlib backend selection method: automatic discovery of used backends
172412 INFO: Discovered Matplotlib backend(s) via `matplotlib.use()` call in module 'sympy.testing.runtests': ['Agg', 'Agg']
172412 INFO: The following Matplotlib backends were discovered by scanning for `matplotlib.use()` calls: ['Agg']. If your backend of choice is not in this list, either add a `matplotlib.use()` call to your code, or configure the backend collection via hook options (see: https://pyinstaller.org/en/stable/hooks-config.html#matplotlib-hooks).
172412 INFO: Selected matplotlib backends: ['Agg']
172995 INFO: Processing standard module hook 'hook-PIL.SpiderImagePlugin.py' from 'C:\\Users\\shani\\AppData\\Local\\Packages\\PythonSoftwareFoundation.Python.3.11_qbz5n2kfra8p0\\LocalCache\\local-packages\\Python311\\site-packages\\PyInstaller\\hooks'
175806 WARNING: Hidden import "scipy.special._cdflib" not found!
175998 INFO: Processing standard module hook 'hook-setuptools._vendor.importlib_metadata.py' from 'C:\\Users\\shani\\AppData\\Local\\Packages\\PythonSoftwareFoundation.Python.3.11_qbz5n2kfra8p0\\LocalCache\\local-packages\\Python311\\site-packages\\PyInstaller\\hooks'
176116 INFO: Processing standard module hook 'hook-setuptools._vendor.jaraco.text.py' from 'C:\\Users\\shani\\AppData\\Local\\Packages\\PythonSoftwareFoundation.Python.3.11_qbz5n2kfra8p0\\LocalCache\\local-packages\\Python311\\site-packages\\PyInstaller\\hooks'
176958 INFO: Processing standard module hook 'hook-_tkinter.py' from 'C:\\Users\\shani\\AppData\\Local\\Packages\\PythonSoftwareFoundation.Python.3.11_qbz5n2kfra8p0\\LocalCache\\local-packages\\Python311\\site-packages\\PyInstaller\\hooks'
177232 INFO: Processing standard module hook 'hook-lxml.objectify.py' from 'C:\\Users\\shani\\AppData\\Local\\Packages\\PythonSoftwareFoundation.Python.3.11_qbz5n2kfra8p0\\LocalCache\\local-packages\\Python311\\site-packages\\_pyinstaller_hooks_contrib\\stdhooks'
177232 INFO: Processing standard module hook 'hook-tzdata.py' from 'C:\\Users\\shani\\AppData\\Local\\Packages\\PythonSoftwareFoundation.Python.3.11_qbz5n2kfra8p0\\LocalCache\\local-packages\\Python311\\site-packages\\_pyinstaller_hooks_contrib\\stdhooks'
177951 INFO: Performing binary vs. data reclassification (3143 entries)
178582 INFO: Looking for ctypes DLLs
178604 WARNING: Ignoring AppKit.framework/AppKit imported from C:\Users\shani\AppData\Local\Packages\PythonSoftwareFoundation.Python.3.11_qbz5n2kfra8p0\LocalCache\local-packages\Python311\site-packages\darkdetect\_mac_detect.py - only basenames are supported with ctypes imports!
178886 WARNING: Ignoring /usr/lib64/libgomp.so.1 imported from C:\Users\shani\AppData\Local\Packages\PythonSoftwareFoundation.Python.3.11_qbz5n2kfra8p0\LocalCache\local-packages\Python311\site-packages\torch\_inductor\codecache.py - only basenames are supported with ctypes imports!
178903 WARNING: Library nvcuda.dll required via ctypes not found
180292 INFO: Analyzing run-time hooks ...
180328 INFO: Including run-time hook 'pyi_rth_inspect.py' from 'C:\\Users\\shani\\AppData\\Local\\Packages\\PythonSoftwareFoundation.Python.3.11_qbz5n2kfra8p0\\LocalCache\\local-packages\\Python311\\site-packages\\PyInstaller\\hooks\\rthooks'
180331 INFO: Including run-time hook 'pyi_rth_pkgutil.py' from 'C:\\Users\\shani\\AppData\\Local\\Packages\\PythonSoftwareFoundation.Python.3.11_qbz5n2kfra8p0\\LocalCache\\local-packages\\Python311\\site-packages\\PyInstaller\\hooks\\rthooks'
180334 INFO: Including run-time hook 'pyi_rth_multiprocessing.py' from 'C:\\Users\\shani\\AppData\\Local\\Packages\\PythonSoftwareFoundation.Python.3.11_qbz5n2kfra8p0\\LocalCache\\local-packages\\Python311\\site-packages\\PyInstaller\\hooks\\rthooks'
180336 INFO: Including run-time hook 'pyi_rth_pkgres.py' from 'C:\\Users\\shani\\AppData\\Local\\Packages\\PythonSoftwareFoundation.Python.3.11_qbz5n2kfra8p0\\LocalCache\\local-packages\\Python311\\site-packages\\PyInstaller\\hooks\\rthooks'
180339 INFO: Including run-time hook 'pyi_rth_pywintypes.py' from 'C:\\Users\\shani\\AppData\\Local\\Packages\\PythonSoftwareFoundation.Python.3.11_qbz5n2kfra8p0\\LocalCache\\local-packages\\Python311\\site-packages\\_pyinstaller_hooks_contrib\\rthooks'
180340 INFO: Including run-time hook 'pyi_rth_pythoncom.py' from 'C:\\Users\\shani\\AppData\\Local\\Packages\\PythonSoftwareFoundation.Python.3.11_qbz5n2kfra8p0\\LocalCache\\local-packages\\Python311\\site-packages\\_pyinstaller_hooks_contrib\\rthooks'
180341 INFO: Including run-time hook 'pyi_rth_setuptools.py' from 'C:\\Users\\shani\\AppData\\Local\\Packages\\PythonSoftwareFoundation.Python.3.11_qbz5n2kfra8p0\\LocalCache\\local-packages\\Python311\\site-packages\\PyInstaller\\hooks\\rthooks'
180343 INFO: Including run-time hook 'pyi_rth_cryptography_openssl.py' from 'C:\\Users\\shani\\AppData\\Local\\Packages\\PythonSoftwareFoundation.Python.3.11_qbz5n2kfra8p0\\LocalCache\\local-packages\\Python311\\site-packages\\_pyinstaller_hooks_contrib\\rthooks'
180345 INFO: Including run-time hook 'pyi_rth_mplconfig.py' from 'C:\\Users\\shani\\AppData\\Local\\Packages\\PythonSoftwareFoundation.Python.3.11_qbz5n2kfra8p0\\LocalCache\\local-packages\\Python311\\site-packages\\PyInstaller\\hooks\\rthooks'
180346 INFO: Processing pre-find-module-path hook 'hook-_pyi_rth_utils.py' from 'C:\\Users\\shani\\AppData\\Local\\Packages\\PythonSoftwareFoundation.Python.3.11_qbz5n2kfra8p0\\LocalCache\\local-packages\\Python311\\site-packages\\PyInstaller\\hooks\\pre_find_module_path'
180347 INFO: Processing standard module hook 'hook-_pyi_rth_utils.py' from 'C:\\Users\\shani\\AppData\\Local\\Packages\\PythonSoftwareFoundation.Python.3.11_qbz5n2kfra8p0\\LocalCache\\local-packages\\Python311\\site-packages\\PyInstaller\\hooks'
180509 INFO: Including run-time hook 'pyi_rth__tkinter.py' from 'C:\\Users\\shani\\AppData\\Local\\Packages\\PythonSoftwareFoundation.Python.3.11_qbz5n2kfra8p0\\LocalCache\\local-packages\\Python311\\site-packages\\PyInstaller\\hooks\\rthooks'
180729 INFO: Creating base_library.zip...
180758 INFO: Looking for dynamic libraries
C:\Users\shani\AppData\Local\Packages\PythonSoftwareFoundation.Python.3.11_qbz5n2kfra8p0\LocalCache\local-packages\Python311\site-packages\PyInstaller\building\build_main.py:227: DeprecationWarning: `torch.distributed._sharding_spec` will be deprecated, use `torch.distributed._shard.sharding_spec` instead
  __import__(package)
C:\Users\shani\AppData\Local\Packages\PythonSoftwareFoundation.Python.3.11_qbz5n2kfra8p0\LocalCache\local-packages\Python311\site-packages\PyInstaller\building\build_main.py:227: DeprecationWarning: `torch.distributed._sharded_tensor` will be deprecated, use `torch.distributed._shard.sharded_tensor` instead
  __import__(package)
C:\Users\shani\AppData\Local\Packages\PythonSoftwareFoundation.Python.3.11_qbz5n2kfra8p0\LocalCache\local-packages\Python311\site-packages\PyInstaller\building\build_main.py:227: DeprecationWarning: `torch.distributed._shard.checkpoint` will be deprecated, use `torch.distributed.checkpoint` instead
  __import__(package)
193122 INFO: Extra DLL search directories (AddDllDirectory): ['C:\\Users\\shani\\AppData\\Local\\Packages\\PythonSoftwareFoundation.Python.3.11_qbz5n2kfra8p0\\LocalCache\\local-packages\\Python311\\site-packages\\numpy.libs', 'C:\\Users\\shani\\AppData\\Local\\Packages\\PythonSoftwareFoundation.Python.3.11_qbz5n2kfra8p0\\LocalCache\\local-packages\\Python311\\site-packages\\pandas.libs', 'C:\\Users\\shani\\AppData\\Local\\Packages\\PythonSoftwareFoundation.Python.3.11_qbz5n2kfra8p0\\LocalCache\\local-packages\\Python311\\site-packages\\pyarrow.libs', 'C:\\Users\\shani\\AppData\\Local\\Packages\\PythonSoftwareFoundation.Python.3.11_qbz5n2kfra8p0\\LocalCache\\local-packages\\Python311\\site-packages\\scipy.libs', 'C:\\Users\\shani\\AppData\\Local\\Packages\\PythonSoftwareFoundation.Python.3.11_qbz5n2kfra8p0\\LocalCache\\local-packages\\Python311\\site-packages\\torch\\lib', 'C:\\Users\\shani\\AppData\\Local\\Packages\\PythonSoftwareFoundation.Python.3.11_qbz5n2kfra8p0\\LocalCache\\local-packages\\Python311\\site-packages\\torchvision', 'C:\\Users\\shani\\AppData\\Local\\Packages\\PythonSoftwareFoundation.Python.3.11_qbz5n2kfra8p0\\LocalCache\\local-packages\\Python311\\site-packages\\torchvision', 'C:\\Users\\shani\\AppData\\Local\\Packages\\PythonSoftwareFoundation.Python.3.11_qbz5n2kfra8p0\\LocalCache\\local-packages\\Python311\\site-packages\\llvmlite.libs']
193123 INFO: Extra DLL search directories (PATH): []
198589 WARNING: Library not found: could not resolve 'tbb12.dll', dependency of 'C:\\Users\\shani\\AppData\\Local\\Packages\\PythonSoftwareFoundation.Python.3.11_qbz5n2kfra8p0\\LocalCache\\local-packages\\Python311\\site-packages\\numba\\np\\ufunc\\tbbpool.cp311-win_amd64.pyd'.
199150 INFO: Warnings written to C:\MT5-TradeManager\build\MT5TradeManager\warn-MT5TradeManager.txt
200085 INFO: Graph cross-reference written to C:\MT5-TradeManager\build\MT5TradeManager\xref-MT5TradeManager.html
200500 INFO: checking PYZ
200500 INFO: Building PYZ because PYZ-00.toc is non existent
200500 INFO: Building PYZ (ZlibArchive) C:\MT5-TradeManager\build\MT5TradeManager\PYZ-00.pyz
207554 INFO: Building PYZ (ZlibArchive) C:\MT5-TradeManager\build\MT5TradeManager\PYZ-00.pyz completed successfully.
207808 INFO: checking PKG
207808 INFO: Building PKG because PKG-00.toc is non existent
207808 INFO: Building PKG (CArchive) MT5TradeManager.pkg
293810 INFO: Building PKG (CArchive) MT5TradeManager.pkg completed successfully.
293945 INFO: Bootloader C:\Users\shani\AppData\Local\Packages\PythonSoftwareFoundation.Python.3.11_qbz5n2kfra8p0\LocalCache\local-packages\Python311\site-packages\PyInstaller\bootloader\Windows-64bit-intel\runw.exe
293945 INFO: checking EXE
293945 INFO: Building EXE because EXE-00.toc is non existent
293945 INFO: Building EXE from EXE-00.toc
293946 INFO: Copying bootloader EXE to C:\MT5-TradeManager\dist\MT5TradeManager.exe
293955 INFO: Copying icon to EXE
294010 INFO: Copying 0 resources to EXE
294010 INFO: Embedding manifest in EXE
294018 INFO: Appending PKG archive to EXE
294247 INFO: Fixing EXE headers
309580 INFO: Building EXE from EXE-00.toc completed successfully.
309724 INFO: Build complete! The results are available in: C:\MT5-TradeManager\dist
