159 INFO: PyInstaller: 6.19.0, contrib hooks: 2026.3
159 INFO: Python: 3.11.9
174 INFO: Platform: Windows-10-10.0.26200-SP0
175 INFO: Python environment: C:\Program Files\WindowsApps\PythonSoftwareFoundation.Python.3.11_3.11.2544.0_x64__qbz5n2kfra8p0
175 INFO: wrote C:\MT5-TradeManager\MT5TradeManagerDiag.spec
615 INFO: Module search paths (PYTHONPATH):
['C:\\Users\\shani\\AppData\\Local\\Packages\\PythonSoftwareFoundation.Python.3.11_qbz5n2kfra8p0\\LocalCache\\local-packages\\Python311\\Scripts\\pyinstaller.exe',
 'C:\\Program '
 'Files\\WindowsApps\\PythonSoftwareFoundation.Python.3.11_3.11.2544.0_x64__qbz5n2kfra8p0\\python311.zip',
 'C:\\Program '
 'Files\\WindowsApps\\PythonSoftwareFoundation.Python.3.11_3.11.2544.0_x64__qbz5n2kfra8p0\\DLLs',
 'C:\\Program '
 'Files\\WindowsApps\\PythonSoftwareFoundation.Python.3.11_3.11.2544.0_x64__qbz5n2kfra8p0\\Lib',
 'C:\\Program '
 'Files\\WindowsApps\\PythonSoftwareFoundation.Python.3.11_3.11.2544.0_x64__qbz5n2kfra8p0',
 'C:\\Users\\shani\\AppData\\Local\\Packages\\PythonSoftwareFoundation.Python.3.11_qbz5n2kfra8p0\\LocalCache\\local-packages\\Python311\\site-packages',
 'C:\\Users\\shani\\AppData\\Local\\Packages\\PythonSoftwareFoundation.Python.3.11_qbz5n2kfra8p0\\LocalCache\\local-packages\\Python311\\site-packages\\win32',
 'C:\\Users\\shani\\AppData\\Local\\Packages\\PythonSoftwareFoundation.Python.3.11_qbz5n2kfra8p0\\LocalCache\\local-packages\\Python311\\site-packages\\win32\\lib',
 'C:\\Users\\shani\\AppData\\Local\\Packages\\PythonSoftwareFoundation.Python.3.11_qbz5n2kfra8p0\\LocalCache\\local-packages\\Python311\\site-packages\\pythonwin',
 'C:\\Program '
 'Files\\WindowsApps\\PythonSoftwareFoundation.Python.3.11_3.11.2544.0_x64__qbz5n2kfra8p0\\Lib\\site-packages',
 'C:\\MT5-TradeManager']
1332 INFO: Appending 'datas' from .spec
1364 INFO: checking Analysis
1364 INFO: Building Analysis because Analysis-00.toc is non existent
1364 INFO: Looking for Python shared library...
1364 INFO: Using Python shared library: C:\Program Files\WindowsApps\PythonSoftwareFoundation.Python.3.11_3.11.2544.0_x64__qbz5n2kfra8p0\python311.dll
1364 INFO: Running Analysis Analysis-00.toc
1364 INFO: Target bytecode optimization level: 0
1364 INFO: Initializing module dependency graph...
1366 INFO: Initializing module graph hook caches...
1389 INFO: Analyzing modules for base_library.zip ...
2331 INFO: Processing standard module hook 'hook-encodings.py' from 'C:\\Users\\shani\\AppData\\Local\\Packages\\PythonSoftwareFoundation.Python.3.11_qbz5n2kfra8p0\\LocalCache\\local-packages\\Python311\\site-packages\\PyInstaller\\hooks'
2889 INFO: Processing standard module hook 'hook-heapq.py' from 'C:\\Users\\shani\\AppData\\Local\\Packages\\PythonSoftwareFoundation.Python.3.11_qbz5n2kfra8p0\\LocalCache\\local-packages\\Python311\\site-packages\\PyInstaller\\hooks'
4504 INFO: Processing standard module hook 'hook-pickle.py' from 'C:\\Users\\shani\\AppData\\Local\\Packages\\PythonSoftwareFoundation.Python.3.11_qbz5n2kfra8p0\\LocalCache\\local-packages\\Python311\\site-packages\\PyInstaller\\hooks'
5989 INFO: Caching module dependency graph...
6044 INFO: Analyzing C:\MT5-TradeManager\main.py
6047 INFO: Processing pre-find-module-path hook 'hook-tkinter.py' from 'C:\\Users\\shani\\AppData\\Local\\Packages\\PythonSoftwareFoundation.Python.3.11_qbz5n2kfra8p0\\LocalCache\\local-packages\\Python311\\site-packages\\PyInstaller\\hooks\\pre_find_module_path'
6048 INFO: TclTkInfo: initializing cached Tcl/Tk info...
6425 INFO: Processing standard module hook 'hook-_tkinter.py' from 'C:\\Users\\shani\\AppData\\Local\\Packages\\PythonSoftwareFoundation.Python.3.11_qbz5n2kfra8p0\\LocalCache\\local-packages\\Python311\\site-packages\\PyInstaller\\hooks'
6440 INFO: Processing standard module hook 'hook-customtkinter.py' from 'C:\\Users\\shani\\AppData\\Local\\Packages\\PythonSoftwareFoundation.Python.3.11_qbz5n2kfra8p0\\LocalCache\\local-packages\\Python311\\site-packages\\_pyinstaller_hooks_contrib\\stdhooks'
6600 INFO: Processing standard module hook 'hook-platform.py' from 'C:\\Users\\shani\\AppData\\Local\\Packages\\PythonSoftwareFoundation.Python.3.11_qbz5n2kfra8p0\\LocalCache\\local-packages\\Python311\\site-packages\\PyInstaller\\hooks'
6620 INFO: Processing standard module hook 'hook-_ctypes.py' from 'C:\\Users\\shani\\AppData\\Local\\Packages\\PythonSoftwareFoundation.Python.3.11_qbz5n2kfra8p0\\LocalCache\\local-packages\\Python311\\site-packages\\PyInstaller\\hooks'
6623 INFO: Processing pre-safe-import-module hook 'hook-packaging.py' from 'C:\\Users\\shani\\AppData\\Local\\Packages\\PythonSoftwareFoundation.Python.3.11_qbz5n2kfra8p0\\LocalCache\\local-packages\\Python311\\site-packages\\PyInstaller\\hooks\\pre_safe_import_module'
6624 INFO: SetuptoolsInfo: initializing cached setuptools info...
7420 INFO: Processing pre-safe-import-module hook 'hook-typing_extensions.py' from 'C:\\Users\\shani\\AppData\\Local\\Packages\\PythonSoftwareFoundation.Python.3.11_qbz5n2kfra8p0\\LocalCache\\local-packages\\Python311\\site-packages\\PyInstaller\\hooks\\pre_safe_import_module'
7648 INFO: Processing standard module hook 'hook-multiprocessing.util.py' from 'C:\\Users\\shani\\AppData\\Local\\Packages\\PythonSoftwareFoundation.Python.3.11_qbz5n2kfra8p0\\LocalCache\\local-packages\\Python311\\site-packages\\PyInstaller\\hooks'
7796 INFO: Processing standard module hook 'hook-xml.py' from 'C:\\Users\\shani\\AppData\\Local\\Packages\\PythonSoftwareFoundation.Python.3.11_qbz5n2kfra8p0\\LocalCache\\local-packages\\Python311\\site-packages\\PyInstaller\\hooks'
8801 INFO: Processing standard module hook 'hook-PIL.py' from 'C:\\Users\\shani\\AppData\\Local\\Packages\\PythonSoftwareFoundation.Python.3.11_qbz5n2kfra8p0\\LocalCache\\local-packages\\Python311\\site-packages\\PyInstaller\\hooks'
8909 INFO: Processing standard module hook 'hook-PIL.Image.py' from 'C:\\Users\\shani\\AppData\\Local\\Packages\\PythonSoftwareFoundation.Python.3.11_qbz5n2kfra8p0\\LocalCache\\local-packages\\Python311\\site-packages\\PyInstaller\\hooks'
9265 INFO: Processing standard module hook 'hook-numpy.py' from 'C:\\Users\\shani\\AppData\\Local\\Packages\\PythonSoftwareFoundation.Python.3.11_qbz5n2kfra8p0\\LocalCache\\local-packages\\Python311\\site-packages\\PyInstaller\\hooks'
9918 INFO: Processing standard module hook 'hook-difflib.py' from 'C:\\Users\\shani\\AppData\\Local\\Packages\\PythonSoftwareFoundation.Python.3.11_qbz5n2kfra8p0\\LocalCache\\local-packages\\Python311\\site-packages\\PyInstaller\\hooks'
10394 INFO: Processing standard module hook 'hook-sysconfig.py' from 'C:\\Users\\shani\\AppData\\Local\\Packages\\PythonSoftwareFoundation.Python.3.11_qbz5n2kfra8p0\\LocalCache\\local-packages\\Python311\\site-packages\\PyInstaller\\hooks'
12353 INFO: Processing standard module hook 'hook-charset_normalizer.py' from 'C:\\Users\\shani\\AppData\\Local\\Packages\\PythonSoftwareFoundation.Python.3.11_qbz5n2kfra8p0\\LocalCache\\local-packages\\Python311\\site-packages\\_pyinstaller_hooks_contrib\\stdhooks'
12705 INFO: Processing standard module hook 'hook-xml.etree.cElementTree.py' from 'C:\\Users\\shani\\AppData\\Local\\Packages\\PythonSoftwareFoundation.Python.3.11_qbz5n2kfra8p0\\LocalCache\\local-packages\\Python311\\site-packages\\PyInstaller\\hooks'
12778 INFO: Processing standard module hook 'hook-xml.dom.domreg.py' from 'C:\\Users\\shani\\AppData\\Local\\Packages\\PythonSoftwareFoundation.Python.3.11_qbz5n2kfra8p0\\LocalCache\\local-packages\\Python311\\site-packages\\PyInstaller\\hooks'
13158 INFO: Processing standard module hook 'hook-PIL.ImageFilter.py' from 'C:\\Users\\shani\\AppData\\Local\\Packages\\PythonSoftwareFoundation.Python.3.11_qbz5n2kfra8p0\\LocalCache\\local-packages\\Python311\\site-packages\\PyInstaller\\hooks'
13969 INFO: Processing standard module hook 'hook-matplotlib.py' from 'C:\\Users\\shani\\AppData\\Local\\Packages\\PythonSoftwareFoundation.Python.3.11_qbz5n2kfra8p0\\LocalCache\\local-packages\\Python311\\site-packages\\PyInstaller\\hooks'
14868 INFO: Processing standard module hook 'hook-matplotlib.backend_bases.py' from 'C:\\Users\\shani\\AppData\\Local\\Packages\\PythonSoftwareFoundation.Python.3.11_qbz5n2kfra8p0\\LocalCache\\local-packages\\Python311\\site-packages\\PyInstaller\\hooks'
15903 INFO: Processing standard module hook 'hook-jinja2.py' from 'C:\\Users\\shani\\AppData\\Local\\Packages\\PythonSoftwareFoundation.Python.3.11_qbz5n2kfra8p0\\LocalCache\\local-packages\\Python311\\site-packages\\_pyinstaller_hooks_contrib\\stdhooks'
16629 INFO: Processing standard module hook 'hook-matplotlib.backends.py' from 'C:\\Users\\shani\\AppData\\Local\\Packages\\PythonSoftwareFoundation.Python.3.11_qbz5n2kfra8p0\\LocalCache\\local-packages\\Python311\\site-packages\\PyInstaller\\hooks'
16775 INFO: Processing standard module hook 'hook-matplotlib.pyplot.py' from 'C:\\Users\\shani\\AppData\\Local\\Packages\\PythonSoftwareFoundation.Python.3.11_qbz5n2kfra8p0\\LocalCache\\local-packages\\Python311\\site-packages\\PyInstaller\\hooks'
17891 INFO: Processing standard module hook 'hook-dateutil.py' from 'C:\\Users\\shani\\AppData\\Local\\Packages\\PythonSoftwareFoundation.Python.3.11_qbz5n2kfra8p0\\LocalCache\\local-packages\\Python311\\site-packages\\_pyinstaller_hooks_contrib\\stdhooks'
17982 INFO: Processing pre-safe-import-module hook 'hook-six.moves.py' from 'C:\\Users\\shani\\AppData\\Local\\Packages\\PythonSoftwareFoundation.Python.3.11_qbz5n2kfra8p0\\LocalCache\\local-packages\\Python311\\site-packages\\PyInstaller\\hooks\\pre_safe_import_module'
20850 INFO: Processing standard module hook 'hook-pandas.py' from 'C:\\Users\\shani\\AppData\\Local\\Packages\\PythonSoftwareFoundation.Python.3.11_qbz5n2kfra8p0\\LocalCache\\local-packages\\Python311\\site-packages\\PyInstaller\\hooks'
22469 INFO: Processing standard module hook 'hook-pytz.py' from 'C:\\Users\\shani\\AppData\\Local\\Packages\\PythonSoftwareFoundation.Python.3.11_qbz5n2kfra8p0\\LocalCache\\local-packages\\Python311\\site-packages\\PyInstaller\\hooks'
23009 INFO: Processing standard module hook 'hook-scipy.py' from 'C:\\Users\\shani\\AppData\\Local\\Packages\\PythonSoftwareFoundation.Python.3.11_qbz5n2kfra8p0\\LocalCache\\local-packages\\Python311\\site-packages\\PyInstaller\\hooks'
23665 INFO: Processing standard module hook 'hook-pytest.py' from 'C:\\Users\\shani\\AppData\\Local\\Packages\\PythonSoftwareFoundation.Python.3.11_qbz5n2kfra8p0\\LocalCache\\local-packages\\Python311\\site-packages\\_pyinstaller_hooks_contrib\\stdhooks'
23870 INFO: Processing standard module hook 'hook-py.py' from 'C:\\Users\\shani\\AppData\\Local\\Packages\\PythonSoftwareFoundation.Python.3.11_qbz5n2kfra8p0\\LocalCache\\local-packages\\Python311\\site-packages\\_pyinstaller_hooks_contrib\\stdhooks'
24421 INFO: Processing pre-safe-import-module hook 'hook-tomli.py' from 'C:\\Users\\shani\\AppData\\Local\\Packages\\PythonSoftwareFoundation.Python.3.11_qbz5n2kfra8p0\\LocalCache\\local-packages\\Python311\\site-packages\\PyInstaller\\hooks\\pre_safe_import_module'
25126 INFO: Processing standard module hook 'hook-pygments.py' from 'C:\\Users\\shani\\AppData\\Local\\Packages\\PythonSoftwareFoundation.Python.3.11_qbz5n2kfra8p0\\LocalCache\\local-packages\\Python311\\site-packages\\PyInstaller\\hooks'
26787 INFO: Processing standard module hook 'hook-pkg_resources.py' from 'C:\\Users\\shani\\AppData\\Local\\Packages\\PythonSoftwareFoundation.Python.3.11_qbz5n2kfra8p0\\LocalCache\\local-packages\\Python311\\site-packages\\PyInstaller\\hooks'
28465 INFO: Processing standard module hook 'hook-pycparser.py' from 'C:\\Users\\shani\\AppData\\Local\\Packages\\PythonSoftwareFoundation.Python.3.11_qbz5n2kfra8p0\\LocalCache\\local-packages\\Python311\\site-packages\\_pyinstaller_hooks_contrib\\stdhooks'
28607 INFO: Processing standard module hook 'hook-setuptools.py' from 'C:\\Users\\shani\\AppData\\Local\\Packages\\PythonSoftwareFoundation.Python.3.11_qbz5n2kfra8p0\\LocalCache\\local-packages\\Python311\\site-packages\\PyInstaller\\hooks'
28615 INFO: Processing pre-safe-import-module hook 'hook-distutils.py' from 'C:\\Users\\shani\\AppData\\Local\\Packages\\PythonSoftwareFoundation.Python.3.11_qbz5n2kfra8p0\\LocalCache\\local-packages\\Python311\\site-packages\\PyInstaller\\hooks\\pre_safe_import_module'
28615 INFO: Processing pre-find-module-path hook 'hook-distutils.py' from 'C:\\Users\\shani\\AppData\\Local\\Packages\\PythonSoftwareFoundation.Python.3.11_qbz5n2kfra8p0\\LocalCache\\local-packages\\Python311\\site-packages\\PyInstaller\\hooks\\pre_find_module_path'
29780 INFO: Processing standard module hook 'hook-distutils.py' from 'C:\\Users\\shani\\AppData\\Local\\Packages\\PythonSoftwareFoundation.Python.3.11_qbz5n2kfra8p0\\LocalCache\\local-packages\\Python311\\site-packages\\PyInstaller\\hooks'
29836 INFO: Processing standard module hook 'hook-distutils.util.py' from 'C:\\Users\\shani\\AppData\\Local\\Packages\\PythonSoftwareFoundation.Python.3.11_qbz5n2kfra8p0\\LocalCache\\local-packages\\Python311\\site-packages\\PyInstaller\\hooks'
29871 INFO: Processing standard module hook 'hook-_osx_support.py' from 'C:\\Users\\shani\\AppData\\Local\\Packages\\PythonSoftwareFoundation.Python.3.11_qbz5n2kfra8p0\\LocalCache\\local-packages\\Python311\\site-packages\\PyInstaller\\hooks'
30101 INFO: Processing pre-safe-import-module hook 'hook-importlib_metadata.py' from 'C:\\Users\\shani\\AppData\\Local\\Packages\\PythonSoftwareFoundation.Python.3.11_qbz5n2kfra8p0\\LocalCache\\local-packages\\Python311\\site-packages\\PyInstaller\\hooks\\pre_safe_import_module'
30345 INFO: Processing standard module hook 'hook-importlib_metadata.py' from 'C:\\Users\\shani\\AppData\\Local\\Packages\\PythonSoftwareFoundation.Python.3.11_qbz5n2kfra8p0\\LocalCache\\local-packages\\Python311\\site-packages\\PyInstaller\\hooks'
30367 INFO: Processing pre-safe-import-module hook 'hook-zipp.py' from 'C:\\Users\\shani\\AppData\\Local\\Packages\\PythonSoftwareFoundation.Python.3.11_qbz5n2kfra8p0\\LocalCache\\local-packages\\Python311\\site-packages\\PyInstaller\\hooks\\pre_safe_import_module'
31460 INFO: Processing standard module hook 'hook-torch.py' from 'C:\\Users\\shani\\AppData\\Local\\Packages\\PythonSoftwareFoundation.Python.3.11_qbz5n2kfra8p0\\LocalCache\\local-packages\\Python311\\site-packages\\_pyinstaller_hooks_contrib\\stdhooks'
1794 WARNING: Failed to collect submodules for 'torch.utils.tensorboard' because importing 'torch.utils.tensorboard' raised: ModuleNotFoundError: No module named 'tensorboard'
C:\Users\shani\AppData\Local\Packages\PythonSoftwareFoundation.Python.3.11_qbz5n2kfra8p0\LocalCache\local-packages\Python311\site-packages\PyInstaller\utils\hooks\__init__.py:665: DeprecationWarning: `torch.distributed._sharding_spec` will be deprecated, use `torch.distributed._shard.sharding_spec` instead
  __import__(name)
C:\Users\shani\AppData\Local\Packages\PythonSoftwareFoundation.Python.3.11_qbz5n2kfra8p0\LocalCache\local-packages\Python311\site-packages\PyInstaller\utils\hooks\__init__.py:665: DeprecationWarning: `torch.distributed._sharded_tensor` will be deprecated, use `torch.distributed._shard.sharded_tensor` instead
  __import__(name)
C:\Users\shani\AppData\Local\Packages\PythonSoftwareFoundation.Python.3.11_qbz5n2kfra8p0\LocalCache\local-packages\Python311\site-packages\PyInstaller\utils\hooks\__init__.py:665: DeprecationWarning: `torch.distributed._shard.checkpoint` will be deprecated, use `torch.distributed.checkpoint` instead
  __import__(name)
48213 INFO: hook-torch: this torch build does not depend on MKL...
61182 INFO: Processing standard module hook 'hook-scipy.linalg.py' from 'C:\\Users\\shani\\AppData\\Local\\Packages\\PythonSoftwareFoundation.Python.3.11_qbz5n2kfra8p0\\LocalCache\\local-packages\\Python311\\site-packages\\PyInstaller\\hooks'
61365 INFO: Processing standard module hook 'hook-scipy.special._ufuncs.py' from 'C:\\Users\\shani\\AppData\\Local\\Packages\\PythonSoftwareFoundation.Python.3.11_qbz5n2kfra8p0\\LocalCache\\local-packages\\Python311\\site-packages\\PyInstaller\\hooks'
67627 INFO: Processing pre-safe-import-module hook 'hook-win32com.py' from 'C:\\Users\\shani\\AppData\\Local\\Packages\\PythonSoftwareFoundation.Python.3.11_qbz5n2kfra8p0\\LocalCache\\local-packages\\Python311\\site-packages\\_pyinstaller_hooks_contrib\\pre_safe_import_module'
67749 INFO: Processing standard module hook 'hook-win32com.py' from 'C:\\Users\\shani\\AppData\\Local\\Packages\\PythonSoftwareFoundation.Python.3.11_qbz5n2kfra8p0\\LocalCache\\local-packages\\Python311\\site-packages\\_pyinstaller_hooks_contrib\\stdhooks'
67751 INFO: Processing standard module hook 'hook-pythoncom.py' from 'C:\\Users\\shani\\AppData\\Local\\Packages\\PythonSoftwareFoundation.Python.3.11_qbz5n2kfra8p0\\LocalCache\\local-packages\\Python311\\site-packages\\_pyinstaller_hooks_contrib\\stdhooks'
67873 INFO: Processing standard module hook 'hook-pywintypes.py' from 'C:\\Users\\shani\\AppData\\Local\\Packages\\PythonSoftwareFoundation.Python.3.11_qbz5n2kfra8p0\\LocalCache\\local-packages\\Python311\\site-packages\\_pyinstaller_hooks_contrib\\stdhooks'
68459 INFO: Processing standard module hook 'hook-sqlite3.py' from 'C:\\Users\\shani\\AppData\\Local\\Packages\\PythonSoftwareFoundation.Python.3.11_qbz5n2kfra8p0\\LocalCache\\local-packages\\Python311\\site-packages\\PyInstaller\\hooks'
74254 INFO: Processing standard module hook 'hook-wcwidth.py' from 'C:\\Users\\shani\\AppData\\Local\\Packages\\PythonSoftwareFoundation.Python.3.11_qbz5n2kfra8p0\\LocalCache\\local-packages\\Python311\\site-packages\\PyInstaller\\hooks'
80597 INFO: Processing standard module hook 'hook-scipy.spatial._ckdtree.py' from 'C:\\Users\\shani\\AppData\\Local\\Packages\\PythonSoftwareFoundation.Python.3.11_qbz5n2kfra8p0\\LocalCache\\local-packages\\Python311\\site-packages\\PyInstaller\\hooks'
84201 INFO: Processing standard module hook 'hook-scipy.spatial.transform.rotation.py' from 'C:\\Users\\shani\\AppData\\Local\\Packages\\PythonSoftwareFoundation.Python.3.11_qbz5n2kfra8p0\\LocalCache\\local-packages\\Python311\\site-packages\\PyInstaller\\hooks'
85658 INFO: Processing standard module hook 'hook-scipy.stats._stats.py' from 'C:\\Users\\shani\\AppData\\Local\\Packages\\PythonSoftwareFoundation.Python.3.11_qbz5n2kfra8p0\\LocalCache\\local-packages\\Python311\\site-packages\\PyInstaller\\hooks'
87125 INFO: Processing standard module hook 'hook-scipy.sparse.csgraph.py' from 'C:\\Users\\shani\\AppData\\Local\\Packages\\PythonSoftwareFoundation.Python.3.11_qbz5n2kfra8p0\\LocalCache\\local-packages\\Python311\\site-packages\\PyInstaller\\hooks'
88315 INFO: Processing standard module hook 'hook-pyarrow.py' from 'C:\\Users\\shani\\AppData\\Local\\Packages\\PythonSoftwareFoundation.Python.3.11_qbz5n2kfra8p0\\LocalCache\\local-packages\\Python311\\site-packages\\_pyinstaller_hooks_contrib\\stdhooks'
89585 INFO: Processing standard module hook 'hook-urllib3.py' from 'C:\\Users\\shani\\AppData\\Local\\Packages\\PythonSoftwareFoundation.Python.3.11_qbz5n2kfra8p0\\LocalCache\\local-packages\\Python311\\site-packages\\_pyinstaller_hooks_contrib\\stdhooks'
90981 INFO: Processing pre-safe-import-module hook 'hook-backports.py' from 'C:\\Users\\shani\\AppData\\Local\\Packages\\PythonSoftwareFoundation.Python.3.11_qbz5n2kfra8p0\\LocalCache\\local-packages\\Python311\\site-packages\\PyInstaller\\hooks\\pre_safe_import_module'
90983 INFO: Processing standard module hook 'hook-backports.py' from 'C:\\Users\\shani\\AppData\\Local\\Packages\\PythonSoftwareFoundation.Python.3.11_qbz5n2kfra8p0\\LocalCache\\local-packages\\Python311\\site-packages\\_pyinstaller_hooks_contrib\\stdhooks'
91944 INFO: Processing standard module hook 'hook-cryptography.py' from 'C:\\Users\\shani\\AppData\\Local\\Packages\\PythonSoftwareFoundation.Python.3.11_qbz5n2kfra8p0\\LocalCache\\local-packages\\Python311\\site-packages\\_pyinstaller_hooks_contrib\\stdhooks'
116610 INFO: hook-cryptography: cryptography does not seem to be using dynamically linked OpenSSL.
116932 INFO: Processing standard module hook 'hook-certifi.py' from 'C:\\Users\\shani\\AppData\\Local\\Packages\\PythonSoftwareFoundation.Python.3.11_qbz5n2kfra8p0\\LocalCache\\local-packages\\Python311\\site-packages\\_pyinstaller_hooks_contrib\\stdhooks'
117071 INFO: Processing standard module hook 'hook-fsspec.py' from 'C:\\Users\\shani\\AppData\\Local\\Packages\\PythonSoftwareFoundation.Python.3.11_qbz5n2kfra8p0\\LocalCache\\local-packages\\Python311\\site-packages\\_pyinstaller_hooks_contrib\\stdhooks'
118225 INFO: Processing standard module hook 'hook-numba.py' from 'C:\\Users\\shani\\AppData\\Local\\Packages\\PythonSoftwareFoundation.Python.3.11_qbz5n2kfra8p0\\LocalCache\\local-packages\\Python311\\site-packages\\_pyinstaller_hooks_contrib\\stdhooks'
118247 INFO: Processing standard module hook 'hook-llvmlite.py' from 'C:\\Users\\shani\\AppData\\Local\\Packages\\PythonSoftwareFoundation.Python.3.11_qbz5n2kfra8p0\\LocalCache\\local-packages\\Python311\\site-packages\\_pyinstaller_hooks_contrib\\stdhooks'
126868 INFO: Processing standard module hook 'hook-pandas.io.formats.style.py' from 'C:\\Users\\shani\\AppData\\Local\\Packages\\PythonSoftwareFoundation.Python.3.11_qbz5n2kfra8p0\\LocalCache\\local-packages\\Python311\\site-packages\\PyInstaller\\hooks'
129393 INFO: Processing standard module hook 'hook-pandas.plotting.py' from 'C:\\Users\\shani\\AppData\\Local\\Packages\\PythonSoftwareFoundation.Python.3.11_qbz5n2kfra8p0\\LocalCache\\local-packages\\Python311\\site-packages\\PyInstaller\\hooks'
130317 INFO: Processing standard module hook 'hook-openpyxl.py' from 'C:\\Users\\shani\\AppData\\Local\\Packages\\PythonSoftwareFoundation.Python.3.11_qbz5n2kfra8p0\\LocalCache\\local-packages\\Python311\\site-packages\\_pyinstaller_hooks_contrib\\stdhooks'
130525 INFO: Processing standard module hook 'hook-lxml.py' from 'C:\\Users\\shani\\AppData\\Local\\Packages\\PythonSoftwareFoundation.Python.3.11_qbz5n2kfra8p0\\LocalCache\\local-packages\\Python311\\site-packages\\_pyinstaller_hooks_contrib\\stdhooks'
130940 INFO: Processing standard module hook 'hook-lxml.etree.py' from 'C:\\Users\\shani\\AppData\\Local\\Packages\\PythonSoftwareFoundation.Python.3.11_qbz5n2kfra8p0\\LocalCache\\local-packages\\Python311\\site-packages\\_pyinstaller_hooks_contrib\\stdhooks'
134767 INFO: Processing standard module hook 'hook-pandas.io.clipboard.py' from 'C:\\Users\\shani\\AppData\\Local\\Packages\\PythonSoftwareFoundation.Python.3.11_qbz5n2kfra8p0\\LocalCache\\local-packages\\Python311\\site-packages\\PyInstaller\\hooks'
135881 INFO: Processing pre-safe-import-module hook 'hook-importlib_resources.py' from 'C:\\Users\\shani\\AppData\\Local\\Packages\\PythonSoftwareFoundation.Python.3.11_qbz5n2kfra8p0\\LocalCache\\local-packages\\Python311\\site-packages\\PyInstaller\\hooks\\pre_safe_import_module'
138130 INFO: Processing standard module hook 'hook-torchvision.py' from 'C:\\Users\\shani\\AppData\\Local\\Packages\\PythonSoftwareFoundation.Python.3.11_qbz5n2kfra8p0\\LocalCache\\local-packages\\Python311\\site-packages\\_pyinstaller_hooks_contrib\\stdhooks'
138214 INFO: Processing standard module hook 'hook-torchvision.io.image.py' from 'C:\\Users\\shani\\AppData\\Local\\Packages\\PythonSoftwareFoundation.Python.3.11_qbz5n2kfra8p0\\LocalCache\\local-packages\\Python311\\site-packages\\_pyinstaller_hooks_contrib\\stdhooks'
140034 INFO: Processing standard module hook 'hook-onnxruntime.py' from 'C:\\Users\\shani\\AppData\\Local\\Packages\\PythonSoftwareFoundation.Python.3.11_qbz5n2kfra8p0\\LocalCache\\local-packages\\Python311\\site-packages\\_pyinstaller_hooks_contrib\\stdhooks'
140125 INFO: Processing pre-safe-import-module hook 'hook-tensorflow.py' from 'C:\\Users\\shani\\AppData\\Local\\Packages\\PythonSoftwareFoundation.Python.3.11_qbz5n2kfra8p0\\LocalCache\\local-packages\\Python311\\site-packages\\_pyinstaller_hooks_contrib\\pre_safe_import_module'
141107 INFO: Processing standard module hook 'hook-scipy.io.matlab.py' from 'C:\\Users\\shani\\AppData\\Local\\Packages\\PythonSoftwareFoundation.Python.3.11_qbz5n2kfra8p0\\LocalCache\\local-packages\\Python311\\site-packages\\PyInstaller\\hooks'
156345 INFO: Processing standard module hook 'hook-rich.py' from 'C:\\Users\\shani\\AppData\\Local\\Packages\\PythonSoftwareFoundation.Python.3.11_qbz5n2kfra8p0\\LocalCache\\local-packages\\Python311\\site-packages\\_pyinstaller_hooks_contrib\\stdhooks'
164614 INFO: Processing standard module hook 'hook-scipy.special._ellip_harm_2.py' from 'C:\\Users\\shani\\AppData\\Local\\Packages\\PythonSoftwareFoundation.Python.3.11_qbz5n2kfra8p0\\LocalCache\\local-packages\\Python311\\site-packages\\PyInstaller\\hooks'
172319 INFO: Processing pre-safe-import-module hook 'hook-gi.py' from 'C:\\Users\\shani\\AppData\\Local\\Packages\\PythonSoftwareFoundation.Python.3.11_qbz5n2kfra8p0\\LocalCache\\local-packages\\Python311\\site-packages\\PyInstaller\\hooks\\pre_safe_import_module'
172373 INFO: Processing module hooks (post-graph stage)...
172760 INFO: Processing standard module hook 'hook-pydantic.py' from 'C:\\Users\\shani\\AppData\\Local\\Packages\\PythonSoftwareFoundation.Python.3.11_qbz5n2kfra8p0\\LocalCache\\local-packages\\Python311\\site-packages\\_pyinstaller_hooks_contrib\\stdhooks'
173841 INFO: Processing standard module hook 'hook-zoneinfo.py' from 'C:\\Users\\shani\\AppData\\Local\\Packages\\PythonSoftwareFoundation.Python.3.11_qbz5n2kfra8p0\\LocalCache\\local-packages\\Python311\\site-packages\\_pyinstaller_hooks_contrib\\stdhooks'
175408 INFO: Processing standard module hook 'hook-anyio.py' from 'C:\\Users\\shani\\AppData\\Local\\Packages\\PythonSoftwareFoundation.Python.3.11_qbz5n2kfra8p0\\LocalCache\\local-packages\\Python311\\site-packages\\_pyinstaller_hooks_contrib\\stdhooks'
177453 INFO: Processing standard module hook 'hook-dns.rdata.py' from 'C:\\Users\\shani\\AppData\\Local\\Packages\\PythonSoftwareFoundation.Python.3.11_qbz5n2kfra8p0\\LocalCache\\local-packages\\Python311\\site-packages\\_pyinstaller_hooks_contrib\\stdhooks'
180460 INFO: Processing standard module hook 'hook-lxml.isoschematron.py' from 'C:\\Users\\shani\\AppData\\Local\\Packages\\PythonSoftwareFoundation.Python.3.11_qbz5n2kfra8p0\\LocalCache\\local-packages\\Python311\\site-packages\\_pyinstaller_hooks_contrib\\stdhooks'
180576 WARNING: Hidden import "pycparser.lextab" not found!
180577 WARNING: Hidden import "pycparser.yacctab" not found!
191955 INFO: Processing standard module hook 'hook-matplotlib.backends.py' from 'C:\\Users\\shani\\AppData\\Local\\Packages\\PythonSoftwareFoundation.Python.3.11_qbz5n2kfra8p0\\LocalCache\\local-packages\\Python311\\site-packages\\PyInstaller\\hooks'
191955 INFO: Matplotlib backend selection method: automatic discovery of used backends
192072 INFO: Discovered Matplotlib backend(s) via `matplotlib.use()` call in module 'sympy.testing.runtests': ['Agg', 'Agg']
192072 INFO: The following Matplotlib backends were discovered by scanning for `matplotlib.use()` calls: ['Agg']. If your backend of choice is not in this list, either add a `matplotlib.use()` call to your code, or configure the backend collection via hook options (see: https://pyinstaller.org/en/stable/hooks-config.html#matplotlib-hooks).
192072 INFO: Selected matplotlib backends: ['Agg']
192760 INFO: Processing standard module hook 'hook-PIL.SpiderImagePlugin.py' from 'C:\\Users\\shani\\AppData\\Local\\Packages\\PythonSoftwareFoundation.Python.3.11_qbz5n2kfra8p0\\LocalCache\\local-packages\\Python311\\site-packages\\PyInstaller\\hooks'
195976 WARNING: Hidden import "scipy.special._cdflib" not found!
196200 INFO: Processing standard module hook 'hook-setuptools._vendor.importlib_metadata.py' from 'C:\\Users\\shani\\AppData\\Local\\Packages\\PythonSoftwareFoundation.Python.3.11_qbz5n2kfra8p0\\LocalCache\\local-packages\\Python311\\site-packages\\PyInstaller\\hooks'
196338 INFO: Processing standard module hook 'hook-setuptools._vendor.jaraco.text.py' from 'C:\\Users\\shani\\AppData\\Local\\Packages\\PythonSoftwareFoundation.Python.3.11_qbz5n2kfra8p0\\LocalCache\\local-packages\\Python311\\site-packages\\PyInstaller\\hooks'
197401 INFO: Processing standard module hook 'hook-_tkinter.py' from 'C:\\Users\\shani\\AppData\\Local\\Packages\\PythonSoftwareFoundation.Python.3.11_qbz5n2kfra8p0\\LocalCache\\local-packages\\Python311\\site-packages\\PyInstaller\\hooks'
197845 INFO: Processing standard module hook 'hook-lxml.objectify.py' from 'C:\\Users\\shani\\AppData\\Local\\Packages\\PythonSoftwareFoundation.Python.3.11_qbz5n2kfra8p0\\LocalCache\\local-packages\\Python311\\site-packages\\_pyinstaller_hooks_contrib\\stdhooks'
197846 INFO: Processing standard module hook 'hook-tzdata.py' from 'C:\\Users\\shani\\AppData\\Local\\Packages\\PythonSoftwareFoundation.Python.3.11_qbz5n2kfra8p0\\LocalCache\\local-packages\\Python311\\site-packages\\_pyinstaller_hooks_contrib\\stdhooks'
198896 INFO: Performing binary vs. data reclassification (3143 entries)
200222 INFO: Looking for ctypes DLLs
200399 WARNING: Ignoring AppKit.framework/AppKit imported from C:\Users\shani\AppData\Local\Packages\PythonSoftwareFoundation.Python.3.11_qbz5n2kfra8p0\LocalCache\local-packages\Python311\site-packages\darkdetect\_mac_detect.py - only basenames are supported with ctypes imports!
201107 WARNING: Ignoring /usr/lib64/libgomp.so.1 imported from C:\Users\shani\AppData\Local\Packages\PythonSoftwareFoundation.Python.3.11_qbz5n2kfra8p0\LocalCache\local-packages\Python311\site-packages\torch\_inductor\codecache.py - only basenames are supported with ctypes imports!
201183 WARNING: Library nvcuda.dll required via ctypes not found
203860 INFO: Analyzing run-time hooks ...
203906 INFO: Including run-time hook 'pyi_rth_inspect.py' from 'C:\\Users\\shani\\AppData\\Local\\Packages\\PythonSoftwareFoundation.Python.3.11_qbz5n2kfra8p0\\LocalCache\\local-packages\\Python311\\site-packages\\PyInstaller\\hooks\\rthooks'
203909 INFO: Including run-time hook 'pyi_rth_pkgutil.py' from 'C:\\Users\\shani\\AppData\\Local\\Packages\\PythonSoftwareFoundation.Python.3.11_qbz5n2kfra8p0\\LocalCache\\local-packages\\Python311\\site-packages\\PyInstaller\\hooks\\rthooks'
203912 INFO: Including run-time hook 'pyi_rth_multiprocessing.py' from 'C:\\Users\\shani\\AppData\\Local\\Packages\\PythonSoftwareFoundation.Python.3.11_qbz5n2kfra8p0\\LocalCache\\local-packages\\Python311\\site-packages\\PyInstaller\\hooks\\rthooks'
203915 INFO: Including run-time hook 'pyi_rth_pkgres.py' from 'C:\\Users\\shani\\AppData\\Local\\Packages\\PythonSoftwareFoundation.Python.3.11_qbz5n2kfra8p0\\LocalCache\\local-packages\\Python311\\site-packages\\PyInstaller\\hooks\\rthooks'
203920 INFO: Including run-time hook 'pyi_rth_pywintypes.py' from 'C:\\Users\\shani\\AppData\\Local\\Packages\\PythonSoftwareFoundation.Python.3.11_qbz5n2kfra8p0\\LocalCache\\local-packages\\Python311\\site-packages\\_pyinstaller_hooks_contrib\\rthooks'
203921 INFO: Including run-time hook 'pyi_rth_pythoncom.py' from 'C:\\Users\\shani\\AppData\\Local\\Packages\\PythonSoftwareFoundation.Python.3.11_qbz5n2kfra8p0\\LocalCache\\local-packages\\Python311\\site-packages\\_pyinstaller_hooks_contrib\\rthooks'
203922 INFO: Including run-time hook 'pyi_rth_setuptools.py' from 'C:\\Users\\shani\\AppData\\Local\\Packages\\PythonSoftwareFoundation.Python.3.11_qbz5n2kfra8p0\\LocalCache\\local-packages\\Python311\\site-packages\\PyInstaller\\hooks\\rthooks'
203924 INFO: Including run-time hook 'pyi_rth_cryptography_openssl.py' from 'C:\\Users\\shani\\AppData\\Local\\Packages\\PythonSoftwareFoundation.Python.3.11_qbz5n2kfra8p0\\LocalCache\\local-packages\\Python311\\site-packages\\_pyinstaller_hooks_contrib\\rthooks'
203927 INFO: Including run-time hook 'pyi_rth_mplconfig.py' from 'C:\\Users\\shani\\AppData\\Local\\Packages\\PythonSoftwareFoundation.Python.3.11_qbz5n2kfra8p0\\LocalCache\\local-packages\\Python311\\site-packages\\PyInstaller\\hooks\\rthooks'
203928 INFO: Processing pre-find-module-path hook 'hook-_pyi_rth_utils.py' from 'C:\\Users\\shani\\AppData\\Local\\Packages\\PythonSoftwareFoundation.Python.3.11_qbz5n2kfra8p0\\LocalCache\\local-packages\\Python311\\site-packages\\PyInstaller\\hooks\\pre_find_module_path'
203931 INFO: Processing standard module hook 'hook-_pyi_rth_utils.py' from 'C:\\Users\\shani\\AppData\\Local\\Packages\\PythonSoftwareFoundation.Python.3.11_qbz5n2kfra8p0\\LocalCache\\local-packages\\Python311\\site-packages\\PyInstaller\\hooks'
204136 INFO: Including run-time hook 'pyi_rth__tkinter.py' from 'C:\\Users\\shani\\AppData\\Local\\Packages\\PythonSoftwareFoundation.Python.3.11_qbz5n2kfra8p0\\LocalCache\\local-packages\\Python311\\site-packages\\PyInstaller\\hooks\\rthooks'
204424 INFO: Creating base_library.zip...
Traceback (most recent call last):
  File "<frozen runpy>", line 198, in _run_module_as_main
  File "<frozen runpy>", line 88, in _run_code
  File "C:\Users\shani\AppData\Local\Packages\PythonSoftwareFoundation.Python.3.11_qbz5n2kfra8p0\LocalCache\local-packages\Python311\Scripts\pyinstaller.exe\__main__.py", line 7, in <module>
  File "C:\Users\shani\AppData\Local\Packages\PythonSoftwareFoundation.Python.3.11_qbz5n2kfra8p0\LocalCache\local-packages\Python311\site-packages\PyInstaller\__main__.py", line 231, in _console_script_run
    run()
  File "C:\Users\shani\AppData\Local\Packages\PythonSoftwareFoundation.Python.3.11_qbz5n2kfra8p0\LocalCache\local-packages\Python311\site-packages\PyInstaller\__main__.py", line 215, in run
    run_build(pyi_config, spec_file, **vars(args))
  File "C:\Users\shani\AppData\Local\Packages\PythonSoftwareFoundation.Python.3.11_qbz5n2kfra8p0\LocalCache\local-packages\Python311\site-packages\PyInstaller\__main__.py", line 70, in run_build
    PyInstaller.building.build_main.main(pyi_config, spec_file, **kwargs)
  File "C:\Users\shani\AppData\Local\Packages\PythonSoftwareFoundation.Python.3.11_qbz5n2kfra8p0\LocalCache\local-packages\Python311\site-packages\PyInstaller\building\build_main.py", line 1275, in main
    build(specfile, distpath, workpath, clean_build)
  File "C:\Users\shani\AppData\Local\Packages\PythonSoftwareFoundation.Python.3.11_qbz5n2kfra8p0\LocalCache\local-packages\Python311\site-packages\PyInstaller\building\build_main.py", line 1213, in build
    exec(code, spec_namespace)
  File "C:\MT5-TradeManager\MT5TradeManagerDiag.spec", line 9, in <module>
  File "C:\Users\shani\AppData\Local\Packages\PythonSoftwareFoundation.Python.3.11_qbz5n2kfra8p0\LocalCache\local-packages\Python311\site-packages\PyInstaller\building\build_main.py", line 584, in __init__
    self.__postinit__()
  File "C:\Users\shani\AppData\Local\Packages\PythonSoftwareFoundation.Python.3.11_qbz5n2kfra8p0\LocalCache\local-packages\Python311\site-packages\PyInstaller\building\datastruct.py", line 184, in __postinit__
    self.assemble()
  File "C:\Users\shani\AppData\Local\Packages\PythonSoftwareFoundation.Python.3.11_qbz5n2kfra8p0\LocalCache\local-packages\Python311\site-packages\PyInstaller\building\build_main.py", line 939, in assemble
    create_base_library_zip(base_library_zip, base_modules_toc, code_cache)
  File "C:\Users\shani\AppData\Local\Packages\PythonSoftwareFoundation.Python.3.11_qbz5n2kfra8p0\LocalCache\local-packages\Python311\site-packages\PyInstaller\building\utils.py", line 822, in create_base_library_zip
    with zipfile.ZipFile(filename, 'w') as zf:
         ^^^^^^^^^^^^^^^^^^^^^^^^^^^^^^
  File "C:\Program Files\WindowsApps\PythonSoftwareFoundation.Python.3.11_3.11.2544.0_x64__qbz5n2kfra8p0\Lib\zipfile.py", line 1294, in __init__
    self.fp = io.open(file, filemode)
              ^^^^^^^^^^^^^^^^^^^^^^^
FileNotFoundError: [Errno 2] No such file or directory: 'C:\\MT5-TradeManager\\build\\MT5TradeManagerDiag\\base_library.zip'
